Component: ARM Compiler 5.06 update 7 (build 960) Tool: armlink [4d3601]

==============================================================================

Section Cross References

    startup_stm32f427xx.o(STACK) refers (Special) to heapauxi.o(.text) for __use_two_region_memory
    startup_stm32f427xx.o(HEAP) refers (Special) to heapauxi.o(.text) for __use_two_region_memory
    startup_stm32f427xx.o(RESET) refers (Special) to heapauxi.o(.text) for __use_two_region_memory
    startup_stm32f427xx.o(RESET) refers to startup_stm32f427xx.o(STACK) for __initial_sp
    startup_stm32f427xx.o(RESET) refers to startup_stm32f427xx.o(.text) for Reset_Handler
    startup_stm32f427xx.o(RESET) refers to interrupt.o(i.NMI_Handler) for NMI_Handler
    startup_stm32f427xx.o(RESET) refers to interrupt.o(i.HardFault_Handler) for HardFault_Handler
    startup_stm32f427xx.o(RESET) refers to interrupt.o(i.MemManage_Handler) for MemManage_Handler
    startup_stm32f427xx.o(RESET) refers to interrupt.o(i.BusFault_Handler) for BusFault_Handler
    startup_stm32f427xx.o(RESET) refers to interrupt.o(i.UsageFault_Handler) for UsageFault_Handler
    startup_stm32f427xx.o(RESET) refers to port.o(.emb_text) for SVC_Handler
    startup_stm32f427xx.o(RESET) refers to interrupt.o(i.DebugMon_Handler) for DebugMon_Handler
    startup_stm32f427xx.o(RESET) refers to delay.o(i.SysTick_Handler) for SysTick_Handler
    startup_stm32f427xx.o(RESET) refers to interrupt.o(i.CAN1_RX0_IRQHandler) for CAN1_RX0_IRQHandler
    startup_stm32f427xx.o(RESET) refers to interrupt.o(i.EXTI9_5_IRQHandler) for EXTI9_5_IRQHandler
    startup_stm32f427xx.o(RESET) refers to interrupt.o(i.TIM2_IRQHandler) for TIM2_IRQHandler
    startup_stm32f427xx.o(RESET) refers to interrupt.o(i.USART1_IRQHandler) for USART1_IRQHandler
    startup_stm32f427xx.o(RESET) refers to interrupt.o(i.USART3_IRQHandler) for USART3_IRQHandler
    startup_stm32f427xx.o(RESET) refers to interrupt.o(i.CAN2_RX0_IRQHandler) for CAN2_RX0_IRQHandler
    startup_stm32f427xx.o(RESET) refers to interrupt.o(i.USART6_IRQHandler) for USART6_IRQHandler
    startup_stm32f427xx.o(RESET) refers to interrupt.o(i.UART7_IRQHandler) for UART7_IRQHandler
    startup_stm32f427xx.o(RESET) refers to interrupt.o(i.UART8_IRQHandler) for UART8_IRQHandler
    startup_stm32f427xx.o(.text) refers (Special) to heapauxi.o(.text) for __use_two_region_memory
    startup_stm32f427xx.o(.text) refers to system_stm32f4xx.o(i.SystemInit) for SystemInit
    startup_stm32f427xx.o(.text) refers to __main.o(!!!main) for __main
    startup_stm32f427xx.o(.text) refers to startup_stm32f427xx.o(HEAP) for Heap_Mem
    startup_stm32f427xx.o(.text) refers to startup_stm32f427xx.o(STACK) for Stack_Mem
    stm32f4xx_adc.o(i.ADC_DeInit) refers to stm32f4xx_rcc.o(i.RCC_APB2PeriphResetCmd) for RCC_APB2PeriphResetCmd
    stm32f4xx_can.o(i.CAN_DeInit) refers to stm32f4xx_rcc.o(i.RCC_APB1PeriphResetCmd) for RCC_APB1PeriphResetCmd
    stm32f4xx_can.o(i.CAN_GetITStatus) refers to stm32f4xx_can.o(i.CheckITStatus) for CheckITStatus
    stm32f4xx_dma2d.o(i.DMA2D_DeInit) refers to stm32f4xx_rcc.o(i.RCC_AHB1PeriphResetCmd) for RCC_AHB1PeriphResetCmd
    stm32f4xx_flash.o(i.FLASH_EraseAllBank1Sectors) refers to stm32f4xx_flash.o(i.FLASH_WaitForLastOperation) for FLASH_WaitForLastOperation
    stm32f4xx_flash.o(i.FLASH_EraseAllBank2Sectors) refers to stm32f4xx_flash.o(i.FLASH_WaitForLastOperation) for FLASH_WaitForLastOperation
    stm32f4xx_flash.o(i.FLASH_EraseAllSectors) refers to stm32f4xx_flash.o(i.FLASH_WaitForLastOperation) for FLASH_WaitForLastOperation
    stm32f4xx_flash.o(i.FLASH_EraseSector) refers to stm32f4xx_flash.o(i.FLASH_WaitForLastOperation) for FLASH_WaitForLastOperation
    stm32f4xx_flash.o(i.FLASH_OB_Launch) refers to stm32f4xx_flash.o(i.FLASH_WaitForLastOperation) for FLASH_WaitForLastOperation
    stm32f4xx_flash.o(i.FLASH_OB_PCROP1Config) refers to stm32f4xx_flash.o(i.FLASH_WaitForLastOperation) for FLASH_WaitForLastOperation
    stm32f4xx_flash.o(i.FLASH_OB_PCROPConfig) refers to stm32f4xx_flash.o(i.FLASH_WaitForLastOperation) for FLASH_WaitForLastOperation
    stm32f4xx_flash.o(i.FLASH_OB_RDPConfig) refers to stm32f4xx_flash.o(i.FLASH_WaitForLastOperation) for FLASH_WaitForLastOperation
    stm32f4xx_flash.o(i.FLASH_OB_UserConfig) refers to stm32f4xx_flash.o(i.FLASH_WaitForLastOperation) for FLASH_WaitForLastOperation
    stm32f4xx_flash.o(i.FLASH_OB_WRP1Config) refers to stm32f4xx_flash.o(i.FLASH_WaitForLastOperation) for FLASH_WaitForLastOperation
    stm32f4xx_flash.o(i.FLASH_OB_WRPConfig) refers to stm32f4xx_flash.o(i.FLASH_WaitForLastOperation) for FLASH_WaitForLastOperation
    stm32f4xx_flash.o(i.FLASH_ProgramByte) refers to stm32f4xx_flash.o(i.FLASH_WaitForLastOperation) for FLASH_WaitForLastOperation
    stm32f4xx_flash.o(i.FLASH_ProgramDoubleWord) refers to stm32f4xx_flash.o(i.FLASH_WaitForLastOperation) for FLASH_WaitForLastOperation
[...]
    CAN_Init                                 0x08001c2b   Thumb Code   276  stm32f4xx_can.o(i.CAN_Init)
    CAN_Receive                              0x08001d3f   Thumb Code   240  stm32f4xx_can.o(i.CAN_Receive)
    CAN_Transmit                             0x08001e2f   Thumb Code   294  stm32f4xx_can.o(i.CAN_Transmit)
    CAN_TransmitStatus                       0x08001f55   Thumb Code   138  stm32f4xx_can.o(i.CAN_TransmitStatus)
    Can_Send                                 0x08001ff5   Thumb Code   128  driver_can.o(i.Can_Send)
    Can_Send_Msg                             0x08002075   Thumb Code   154  driver_can.o(i.Can_Send_Msg)
    Chassis_Calculate_Rotor_Speed            0x08002111   Thumb Code   178  driver_chassis.o(i.Chassis_Calculate_Rotor_Speed)
    Chassis_Fix                              0x080021cd   Thumb Code   114  driver_chassis.o(i.Chassis_Fix)
    Chassis_Init                             0x08002241   Thumb Code   114  driver_chassis.o(i.Chassis_Init)
    Chassis_Limit_Power                      0x080022c5   Thumb Code   416  driver_chassis.o(i.Chassis_Limit_Power)
    Chassis_Limit_Rotor_Speed                0x08002479   Thumb Code   120  driver_chassis.o(i.Chassis_Limit_Rotor_Speed)
    Chassis_Scale_Rotor_Speed                0x080024f5   Thumb Code   114  driver_chassis.o(i.Chassis_Scale_Rotor_Speed)
    Chassis_Update                           0x08002567   Thumb Code    14  driver_chassis.o(i.Chassis_Update)
    DBUS_Init                                0x08002575   Thumb Code    28  driver_dbus.o(i.DBUS_Init)
    DBus_Update                              0x08002591   Thumb Code   272  driver_dbus.o(i.DBus_Update)
    DMA_ClearFlag                            0x080026a1   Thumb Code    38  stm32f4xx_dma.o(i.DMA_ClearFlag)
    DMA_Cmd                                  0x080026d5   Thumb Code    22  stm32f4xx_dma.o(i.DMA_Cmd)
    DMA_Disable                              0x080026ed   Thumb Code    36  driver_bsp.o(i.DMA_Disable)
    DMA_Enable                               0x08002715   Thumb Code    72  driver_bsp.o(i.DMA_Enable)
    DMA_GetCmdStatus                         0x08002761   Thumb Code    20  stm32f4xx_dma.o(i.DMA_GetCmdStatus)
    DMA_GetCurrDataCounter                   0x08002775   Thumb Code     8  stm32f4xx_dma.o(i.DMA_GetCurrDataCounter)
    DMA_Get_Data_Counter                     0x0800277d   Thumb Code    18  driver_bsp.o(i.DMA_Get_Data_Counter)
    DMA_Get_Stream                           0x08002791   Thumb Code    30  driver_bsp.o(i.DMA_Get_Stream)
    DMA_Init                                 0x080027b5   Thumb Code    82  stm32f4xx_dma.o(i.DMA_Init)
    DMA_SetCurrDataCounter                   0x0800280d   Thumb Code     4  stm32f4xx_dma.o(i.DMA_SetCurrDataCounter)
    DebugMon_Handler                         0x08002811   Thumb Code     4  interrupt.o(i.DebugMon_Handler)
    Delay_Init                               0x08002815   Thumb Code    76  delay.o(i.Delay_Init)
    EXTI9_5_IRQHandler                       0x08002869   Thumb Code    36  interrupt.o(i.EXTI9_5_IRQHandler)
    EXTI_ClearFlag                           0x08002891   Thumb Code     6  stm32f4xx_exti.o(i.EXTI_ClearFlag)
    EXTI_ClearITPendingBit                   0x0800289d   Thumb Code     6  stm32f4xx_exti.o(i.EXTI_ClearITPendingBit)
    EXTI_GetITStatus                         0x080028a9   Thumb Code    20  stm32f4xx_exti.o(i.EXTI_GetITStatus)
    EXTI_Init                                0x080028c1   Thumb Code   142  stm32f4xx_exti.o(i.EXTI_Init)
    Filter_Apply_Limit_Breadth               0x08002955   Thumb Code   104  driver_filter.o(i.Filter_Apply_Limit_Breadth)
    Filter_Update                            0x080029bd   Thumb Code   160  driver_filter.o(i.Filter_Update)
    GPIO_Init                                0x08002a61   Thumb Code   144  stm32f4xx_gpio.o(i.GPIO_Init)
    GPIO_PinAFConfig                         0x08002af1   Thumb Code    70  stm32f4xx_gpio.o(i.GPIO_PinAFConfig)
    GPIO_ReadInputDataBit                    0x08002b37   Thumb Code    18  stm32f4xx_gpio.o(i.GPIO_ReadInputDataBit)
    GPIO_ResetBits                           0x08002b49   Thumb Code     4  stm32f4xx_gpio.o(i.GPIO_ResetBits)
    GPIO_SetBits                             0x08002b4d   Thumb Code     4  stm32f4xx_gpio.o(i.GPIO_SetBits)
    Get_CRC16_Check_Sum                      0x08002b51   Thumb Code    52  vegmath.o(i.Get_CRC16_Check_Sum)
    Get_CRC8_Check_Sum                       0x08002b8d   Thumb Code    30  vegmath.o(i.Get_CRC8_Check_Sum)
    Gyroscope_Init                           0x08002bb1   Thumb Code    76  driver_gyroscope.o(i.Gyroscope_Init)
    Gyroscope_Set_Bias                       0x08002c05   Thumb Code     8  driver_gyroscope.o(i.Gyroscope_Set_Bias)
    Gyroscope_Solve                          0x08002c0d   Thumb Code  1194  driver_gyroscope.o(i.Gyroscope_Solve)
    Gyroscope_Update                         0x080030c1   Thumb Code   182  driver_gyroscope.o(i.Gyroscope_Update)
    HardFault_Handler                        0x08003181   Thumb Code     4  interrupt.o(i.HardFault_Handler)
    IIC_Ack                                  0x08003185   Thumb Code    66  mpu6500_i2c.o(i.IIC_Ack)
    IIC_Delay                                0x080031d1   Thumb Code    26  mpu6500_i2c.o(i.IIC_Delay)
    IIC_GPIO_Init                            0x080031ed   Thumb Code    16  mpu6500_i2c.o(i.IIC_GPIO_Init)
    IIC_ReadBit                              0x08003205   Thumb Code    78  mpu6500_i2c.o(i.IIC_ReadBit)
    IIC_ReadData                             0x0800325d   Thumb Code   152  mpu6500_i2c.o(i.IIC_ReadData)
    IIC_SDA_In                               0x08003319   Thumb Code    40  mpu6500_i2c.o(i.IIC_SDA_In)
    IIC_SDA_Out                              0x08003345   Thumb Code    42  mpu6500_i2c.o(i.IIC_SDA_Out)
    IIC_Start                                0x08003375   Thumb Code    86  mpu6500_i2c.o(i.IIC_Start)
    IIC_Stop                                 0x080033ed   Thumb Code    44  mpu6500_i2c.o(i.IIC_Stop)
    IIC_WaitAck                              0x08003421   Thumb Code    74  mpu6500_i2c.o(i.IIC_WaitAck)
    IIC_WriteBit                             0x08003475   Thumb Code    86  mpu6500_i2c.o(i.IIC_WriteBit)
    IIC_WriteData                            0x080034d5   Thumb Code   106  mpu6500_i2c.o(i.IIC_WriteData)
    LED_Cancel_Warning                       0x08003571   Thumb Code     8  driver_bsp.o(i.LED_Cancel_Warning)
    LED_Init                                 0x0800357d   Thumb Code   108  led.o(i.LED_Init)
    LED_Run_Horse_XP                         0x080035f1   Thumb Code   124  driver_bsp.o(i.LED_Run_Horse_XP)
    LED_Set_Progress                         0x08003679   Thumb Code    42  driver_bsp.o(i.LED_Set_Progress)
    LED_Set_Row                              0x080036a5   Thumb Code    34  driver_bsp.o(i.LED_Set_Row)
    LED_Set_Warning                          0x080036cd   Thumb Code    16  driver_bsp.o(i.LED_Set_Warning)
    LED_Task_Warning                         0x080036e9   Thumb Code    66  driver_bsp.o(i.LED_Task_Warning)
    MPU6500_EnableInt                        0x08003739   Thumb Code    44  mpu6500_driver.o(i.MPU6500_EnableInt)
    MPU6500_Init                             0x08003765   Thumb Code   190  mpu6500_driver.o(i.MPU6500_Init)
    MPU6500_Initialize                       0x08003829   Thumb Code    20  mpu6500_driver.o(i.MPU6500_Initialize)
    MadgwickAHRSupdateIMU                    0x0800383d   Thumb Code   968  madgwickahrs.o(i.MadgwickAHRSupdateIMU)
    MemManage_Handler                        0x08003c1d   Thumb Code     4  interrupt.o(i.MemManage_Handler)
    Motor_Init                               0x08003c21   Thumb Code    22  driver_motor.o(i.Motor_Init)
    Motor_Set_Angle_Bias                     0x08003c37   Thumb Code    22  driver_motor.o(i.Motor_Set_Angle_Bias)
    Motor_Update                             0x08003c4d   Thumb Code   514  driver_motor.o(i.Motor_Update)
    NMI_Handler                              0x08003e89   Thumb Code     4  interrupt.o(i.NMI_Handler)
    NVIC_Init                                0x08003e8d   Thumb Code   106  misc.o(i.NVIC_Init)
    NVIC_PriorityGroupConfig                 0x08003f05   Thumb Code    10  misc.o(i.NVIC_PriorityGroupConfig)
    PID_Calculate                            0x08003f19   Thumb Code   278  driver_pid.o(i.PID_Calculate)
    PID_Init                                 0x08004031   Thumb Code   102  driver_pid.o(i.PID_Init)
    Protocol_Get_Info_Handle                 0x0800409d   Thumb Code    62  driver_protocol.o(i.Protocol_Get_Info_Handle)
    Protocol_Init                            0x080040e5   Thumb Code    82  driver_protocol.o(i.Protocol_Init)
    Protocol_Pack                            0x08004141   Thumb Code   336  driver_protocol.o(i.Protocol_Pack)
    Protocol_Unpack                          0x08004291   Thumb Code   596  driver_protocol.o(i.Protocol_Unpack)
    RCC_AHB1PeriphClockCmd                   0x080044e5   Thumb Code    26  stm32f4xx_rcc.o(i.RCC_AHB1PeriphClockCmd)
    RCC_APB1PeriphClockCmd                   0x08004505   Thumb Code    26  stm32f4xx_rcc.o(i.RCC_APB1PeriphClockCmd)
    RCC_APB2PeriphClockCmd                   0x08004525   Thumb Code    26  stm32f4xx_rcc.o(i.RCC_APB2PeriphClockCmd)
    RCC_GetClocksFreq                        0x08004545   Thumb Code   214  stm32f4xx_rcc.o(i.RCC_GetClocksFreq)
    SYSCFG_EXTILineConfig                    0x0800462d   Thumb Code    60  stm32f4xx_syscfg.o(i.SYSCFG_EXTILineConfig)
    SysTick_CLKSourceConfig                  0x0800478d   Thumb Code    40  misc.o(i.SysTick_CLKSourceConfig)
    SysTick_Handler                          0x080047b5   Thumb Code    16  delay.o(i.SysTick_Handler)
    SystemInit                               0x080047c5   Thumb Code    88  system_stm32f4xx.o(i.SystemInit)
    TIM2_IRQHandler                          0x0800482d   Thumb Code    40  interrupt.o(i.TIM2_IRQHandler)
    TIM_ARRPreloadConfig                     0x08004859   Thumb Code    24  stm32f4xx_tim.o(i.TIM_ARRPreloadConfig)
    TIM_ClearFlag                            0x08004871   Thumb Code     6  stm32f4xx_tim.o(i.TIM_ClearFlag)
    TIM_ClearITPendingBit                    0x08004877   Thumb Code     6  stm32f4xx_tim.o(i.TIM_ClearITPendingBit)
    TIM_Cmd                                  0x0800487d   Thumb Code    24  stm32f4xx_tim.o(i.TIM_Cmd)
    TIM_CtrlPWMOutputs                       0x08004895   Thumb Code    30  stm32f4xx_tim.o(i.TIM_CtrlPWMOutputs)
    TIM_GetITStatus                          0x080048b3   Thumb Code    34  stm32f4xx_tim.o(i.TIM_GetITStatus)
    TIM_ITConfig                             0x080048d5   Thumb Code    18  stm32f4xx_tim.o(i.TIM_ITConfig)
    TIM_OC1Init                              0x080048e9   Thumb Code   114  stm32f4xx_tim.o(i.TIM_OC1Init)
    TIM_OC1PreloadConfig                     0x08004965   Thumb Code    18  stm32f4xx_tim.o(i.TIM_OC1PreloadConfig)
    TIM_OC2Init                              0x08004979   Thumb Code   154  stm32f4xx_tim.o(i.TIM_OC2Init)
    TIM_OC2PreloadConfig                     0x08004a1d   Thumb Code    26  stm32f4xx_tim.o(i.TIM_OC2PreloadConfig)
    TIM_OC3Init                              0x08004a39   Thumb Code   150  stm32f4xx_tim.o(i.TIM_OC3Init)
    TIM_OC3PreloadConfig                     0x08004ad9   Thumb Code    18  stm32f4xx_tim.o(i.TIM_OC3PreloadConfig)
    TIM_OC4Init                              0x08004aed   Thumb Code   112  stm32f4xx_tim.o(i.TIM_OC4Init)
    TIM_OC4PreloadConfig                     0x08004b65   Thumb Code    26  stm32f4xx_tim.o(i.TIM_OC4PreloadConfig)
    TIM_TimeBaseInit                         0x08004b81   Thumb Code   104  stm32f4xx_tim.o(i.TIM_TimeBaseInit)
    Task_Blink                               0x08004c05   Thumb Code    24  tasks_1.o(i.Task_Blink)
    Task_Can_Send                            0x08004c1d   Thumb Code    58  tasks_1.o(i.Task_Can_Send)
    Task_Chassis                             0x08004c69   Thumb Code  2990  tasks_1.o(i.Task_Chassis)
    Task_Control                             0x0800585d   Thumb Code   306  tasks_1.o(i.Task_Control)
    Task_Fire_Frict                          0x080059c9   Thumb Code   268  tasks_1.o(i.Task_Fire_Frict)
    Task_Fire_Stir                           0x08005b05   Thumb Code   514  tasks_1.o(i.Task_Fire_Stir)
    Task_Gimbal                              0x08005d55   Thumb Code  1280  tasks_1.o(i.Task_Gimbal)
    Task_Host                                0x0800626d   Thumb Code   228  tasks_1.o(i.Task_Host)
    Task_Send_Protocol                       0x0800636d   Thumb Code    92  driver_bridge.o(i.Task_Send_Protocol)
    Task_UI                                  0x080063d1   Thumb Code   210  tasks_1.o(i.Task_UI)
    UART7_IRQHandler                         0x080064c9   Thumb Code    14  interrupt.o(i.UART7_IRQHandler)
    UART8_IRQHandler                         0x080064dd   Thumb Code    14  interrupt.o(i.UART8_IRQHandler)
    UI_1_Protocol_Updata                     0x080064f1   Thumb Code    44  driver_ui.o(i.UI_1_Protocol_Updata)
    UI_7_Protocol_Updata                     0x08006521   Thumb Code    44  driver_ui.o(i.UI_7_Protocol_Updata)
    UI_Char_Protocol_Updata                  0x08006551   Thumb Code    54  driver_ui.o(i.UI_Char_Protocol_Updata)
    UI_Init                                  0x0800658d   Thumb Code  1302  driver_ui.o(i.UI_Init)
    USART1_IRQHandler                        0x08006ac1   Thumb Code    62  interrupt.o(i.USART1_IRQHandler)
    USART3_IRQHandler                        0x08006b19   Thumb Code    14  interrupt.o(i.USART3_IRQHandler)
    USART6_IRQHandler                        0x08006b2d   Thumb Code    14  interrupt.o(i.USART6_IRQHandler)
    USART_Cmd                                0x08006b41   Thumb Code    24  stm32f4xx_usart.o(i.USART_Cmd)
    USART_DMACmd                             0x08006b59   Thumb Code    18  stm32f4xx_usart.o(i.USART_DMACmd)
    USART_ITConfig                           0x08006b6b   Thumb Code    74  stm32f4xx_usart.o(i.USART_ITConfig)
    USART_Init                               0x08006bb5   Thumb Code   204  stm32f4xx_usart.o(i.USART_Init)
    UsageFault_Handler                       0x08006c89   Thumb Code     4  interrupt.o(i.UsageFault_Handler)
    Verify_CRC16_Check_Sum                   0x08006c8d   Thumb Code    56  vegmath.o(i.Verify_CRC16_Check_Sum)
    Verify_CRC8_Check_Sum                    0x08006cc5   Thumb Code    44  vegmath.o(i.Verify_CRC8_Check_Sum)
    __ARM_fpclassify                         0x08006cf1   Thumb Code    48  fpclassify.o(i.__ARM_fpclassify)
    __hardfp_asin                            0x08006d21   Thumb Code   770  asin.o(i.__hardfp_asin)
    __hardfp_atan                            0x08007081   Thumb Code   622  atan.o(i.__hardfp_atan)
    __hardfp_atan2                           0x08007359   Thumb Code   448  atan2.o(i.__hardfp_atan2)
    __hardfp_fabs                            0x08007559   Thumb Code    20  fabs.o(i.__hardfp_fabs)
    __hardfp_fmod                            0x0800756d   Thumb Code   254  fmod.o(i.__hardfp_fmod)
    __hardfp_pow                             0x08007671   Thumb Code  3072  pow.o(i.__hardfp_pow)
    __kernel_poly                            0x080082c1   Thumb Code   248  poly.o(i.__kernel_poly)
    __mathlib_dbl_divzero                    0x080083b9   Thumb Code    28  dunder.o(i.__mathlib_dbl_divzero)
    __mathlib_dbl_infnan                     0x080083e9   Thumb Code    20  dunder.o(i.__mathlib_dbl_infnan)
    __mathlib_dbl_infnan2                    0x080083fd   Thumb Code    20  dunder.o(i.__mathlib_dbl_infnan2)
    __mathlib_dbl_invalid                    0x08008411   Thumb Code    24  dunder.o(i.__mathlib_dbl_invalid)
    __mathlib_dbl_overflow                   0x08008431   Thumb Code    24  dunder.o(i.__mathlib_dbl_overflow)
    __mathlib_dbl_underflow                  0x08008451   Thumb Code    24  dunder.o(i.__mathlib_dbl_underflow)
    _is_digit                                0x08008471   Thumb Code    14  __printf_wp.o(i._is_digit)
    atan                                     0x0800847f   Thumb Code    16  atan.o(i.atan)
    cordic                                   0x08008491   Thumb Code    96  vegmath.o(i.cordic)
    delay_ms                                 0x080084f9   Thumb Code    62  delay.o(i.delay_ms)
    delay_us                                 0x0800853d   Thumb Code    68  delay.o(i.delay_us)
    fabs                                     0x08008585   Thumb Code    24  fabs.o(i.fabs)
    fputc                                    0x0800859d   Thumb Code    24  usart.o(i.fputc)
    invSqrt                                  0x080085b9   Thumb Code    56  madgwickahrs.o(i.invSqrt)
    main                                     0x080085f5   Thumb Code   776  main.o(i.main)
    pvPortMalloc                             0x08009399   Thumb Code   296  heap_4.o(i.pvPortMalloc)
    pvTaskIncrementMutexHeldCount            0x080094d5   Thumb Code    26  tasks.o(i.pvTaskIncrementMutexHeldCount)
    pxPortInitialiseStack                    0x080094f5   Thumb Code    38  port.o(i.pxPortInitialiseStack)
    sqrt                                     0x08009521   Thumb Code   110  sqrt.o(i.sqrt)
    uxListRemove                             0x0800958f   Thumb Code    40  list.o(i.uxListRemove)
    vListInitialise                          0x080095b7   Thumb Code    26  list.o(i.vListInitialise)
    vListInitialiseItem                      0x080095d1   Thumb Code     6  list.o(i.vListInitialiseItem)
    vListInsert                              0x080095d7   Thumb Code    52  list.o(i.vListInsert)
    vListInsertEnd                           0x0800960b   Thumb Code    24  list.o(i.vListInsertEnd)
    vPortEnterCritical                       0x08009625   Thumb Code    76  port.o(i.vPortEnterCritical)
    vPortExitCritical                        0x08009679   Thumb Code    56  port.o(i.vPortExitCritical)
    vPortFree                                0x080096b5   Thumb Code   140  heap_4.o(i.vPortFree)
    vPortSetupTimerInterrupt                 0x08009749   Thumb Code    26  port.o(i.vPortSetupTimerInterrupt)
    vPortValidateInterruptPriority           0x08009769   Thumb Code   106  port.o(i.vPortValidateInterruptPriority)
    vQueueAddToRegistry                      0x080097e1   Thumb Code    38  queue.o(i.vQueueAddToRegistry)
    vQueueWaitForMessageRestricted           0x0800980d   Thumb Code    74  queue.o(i.vQueueWaitForMessageRestricted)
    vTaskDelay                               0x08009859   Thumb Code    82  tasks.o(i.vTaskDelay)
    vTaskDelayUntil                          0x080098b5   Thumb Code   200  tasks.o(i.vTaskDelayUntil)
    vTaskDelete                              0x08009989   Thumb Code   202  tasks.o(i.vTaskDelete)
    vTaskMissedYield                         0x08009a7d   Thumb Code     8  tasks.o(i.vTaskMissedYield)
    vTaskPlaceOnEventList                    0x08009a89   Thumb Code    52  tasks.o(i.vTaskPlaceOnEventList)
    vTaskPlaceOnEventListRestricted          0x08009ac1   Thumb Code    60  tasks.o(i.vTaskPlaceOnEventListRestricted)
    vTaskPriorityInherit                     0x08009b01   Thumb Code   164  tasks.o(i.vTaskPriorityInherit)
    vTaskSetTimeOutState                     0x08009bb1   Thumb Code    38  tasks.o(i.vTaskSetTimeOutState)
    vTaskStartScheduler                      0x08009be1   Thumb Code   122  tasks.o(i.vTaskStartScheduler)
    vTaskSuspendAll                          0x08009c7d   Thumb Code    12  tasks.o(i.vTaskSuspendAll)
    vTaskSwitchContext                       0x08009c8d   Thumb Code   170  tasks.o(i.vTaskSwitchContext)
    vegcos                                   0x08009d59   Thumb Code    32  vegmath.o(i.vegcos)
    vegsin                                   0x08009d7d   Thumb Code   194  vegmath.o(i.vegsin)
    xPortStartScheduler                      0x08009e65   Thumb Code   288  port.o(i.xPortStartScheduler)
    xPortSysTickHandler                      0x08009fa1   Thumb Code    46  port.o(i.xPortSysTickHandler)
    xQueueGenericCreate                      0x08009fd5   Thumb Code    88  queue.o(i.xQueueGenericCreate)
    xQueueGenericReceive                     0x0800a02d   Thumb Code   446  queue.o(i.xQueueGenericReceive)
    xQueueGenericReset                       0x0800a1f1   Thumb Code   146  queue.o(i.xQueueGenericReset)
    xQueueGenericSend                        0x0800a289   Thumb Code   420  queue.o(i.xQueueGenericSend)
    xQueueGenericSendFromISR                 0x0800a431   Thumb Code   248  queue.o(i.xQueueGenericSendFromISR)
    xTaskCheckForTimeOut                     0x0800a529   Thumb Code   132  tasks.o(i.xTaskCheckForTimeOut)
    xTaskCreate                              0x0800a5b5   Thumb Code    96  tasks.o(i.xTaskCreate)
    xTaskGetSchedulerState                   0x0800a615   Thumb Code    24  tasks.o(i.xTaskGetSchedulerState)
    xTaskGetTickCount                        0x0800a635   Thumb Code     6  tasks.o(i.xTaskGetTickCount)
    xTaskIncrementTick                       0x0800a641   Thumb Code   282  tasks.o(i.xTaskIncrementTick)
    xTaskPriorityDisinherit                  0x0800a789   Thumb Code   188  tasks.o(i.xTaskPriorityDisinherit)
    xTaskRemoveFromEventList                 0x0800a851   Thumb Code   128  tasks.o(i.xTaskRemoveFromEventList)
    xTaskResumeAll                           0x0800a8e9   Thumb Code   224  tasks.o(i.xTaskResumeAll)
    xTimerCreateTimerTask                    0x0800a9ed   Thumb Code    66  timers.o(i.xTimerCreateTimerTask)
    xTimerGenericCommand                     0x0800aa45   Thumb Code   126  timers.o(i.xTimerGenericCommand)
    __aeabi_dneg                             0x0800aac9   Thumb Code     0  basic.o(x$fpl$basic)
    _dneg                                    0x0800aac9   Thumb Code     6  basic.o(x$fpl$basic)
    __aeabi_fneg                             0x0800aacf   Thumb Code     0  basic.o(x$fpl$basic)
    _fneg                                    0x0800aacf   Thumb Code     6  basic.o(x$fpl$basic)
    _dabs                                    0x0800aad5   Thumb Code     6  basic.o(x$fpl$basic)
    _fabs                                    0x0800aadb   Thumb Code     6  basic.o(x$fpl$basic)
    __aeabi_d2f                              0x0800aae1   Thumb Code     0  d2f.o(x$fpl$d2f)
    _d2f                                     0x0800aae1   Thumb Code    98  d2f.o(x$fpl$d2f)
    __aeabi_dadd                             0x0800ab45   Thumb Code     0  daddsub_clz.o(x$fpl$dadd)
    _dadd                                    0x0800ab45   Thumb Code   332  daddsub_clz.o(x$fpl$dadd)
    __fpl_dcheck_NaN1                        0x0800ac95   Thumb Code    10  dcheck1.o(x$fpl$dcheck1)
    __fpl_dcmp_Inf                           0x0800aca5   Thumb Code    24  dcmpi.o(x$fpl$dcmpinf)
    __aeabi_ddiv                             0x0800acbd   Thumb Code     0  ddiv.o(x$fpl$ddiv)
    _ddiv                                    0x0800acbd   Thumb Code   552  ddiv.o(x$fpl$ddiv)
    __aeabi_cdcmpeq                          0x0800af6d   Thumb Code     0  deqf.o(x$fpl$deqf)
    _dcmpeq                                  0x0800af6d   Thumb Code   120  deqf.o(x$fpl$deqf)
    __aeabi_d2iz                             0x0800afe5   Thumb Code     0  dfix.o(x$fpl$dfix)
    _dfix                                    0x0800afe5   Thumb Code    94  dfix.o(x$fpl$dfix)
    __aeabi_d2uiz                            0x0800b045   Thumb Code     0  dfixu.o(x$fpl$dfixu)
    _dfixu                                   0x0800b045   Thumb Code    90  dfixu.o(x$fpl$dfixu)
    __aeabi_i2d                              0x0800b09f   Thumb Code     0  dflt_clz.o(x$fpl$dflt)
    _dflt                                    0x0800b09f   Thumb Code    46  dflt_clz.o(x$fpl$dflt)
    __aeabi_ui2d                             0x0800b0cd   Thumb Code     0  dflt_clz.o(x$fpl$dfltu)
    _dfltu                                   0x0800b0cd   Thumb Code    38  dflt_clz.o(x$fpl$dfltu)
    __aeabi_cdcmple                          0x0800b0f5   Thumb Code     0  dleqf.o(x$fpl$dleqf)
    _dcmple                                  0x0800b0f5   Thumb Code   120  dleqf.o(x$fpl$dleqf)
    __fpl_dcmple_InfNaN                      0x0800b157   Thumb Code     0  dleqf.o(x$fpl$dleqf)
    __aeabi_dmul                             0x0800b16d   Thumb Code     0  dmul.o(x$fpl$dmul)
    _dmul                                    0x0800b16d   Thumb Code   332  dmul.o(x$fpl$dmul)
    __fpl_dnaninf                            0x0800b2c1   Thumb Code   156  dnaninf.o(x$fpl$dnaninf)
    _drem                                    0x0800b35d   Thumb Code   328  drem_clz.o(x$fpl$drem)
    __fpl_dretinf                            0x0800b4ad   Thumb Code    12  dretinf.o(x$fpl$dretinf)
    __aeabi_cdrcmple                         0x0800b4b9   Thumb Code     0  drleqf.o(x$fpl$drleqf)
    _drcmple                                 0x0800b4b9   Thumb Code   108  drleqf.o(x$fpl$drleqf)
    __aeabi_drsub                            0x0800b525   Thumb Code     0  daddsub_clz.o(x$fpl$drsb)
    _drsb                                    0x0800b525   Thumb Code    22  daddsub_clz.o(x$fpl$drsb)
    _dsqrt                                   0x0800b53d   Thumb Code   404  dsqrt_umaal.o(x$fpl$dsqrt)
    __aeabi_dsub                             0x0800b6d5   Thumb Code     0  daddsub_clz.o(x$fpl$dsub)
    _dsub                                    0x0800b6d5   Thumb Code   464  daddsub_clz.o(x$fpl$dsub)
    __aeabi_f2d                              0x0800b8a9   Thumb Code     0  f2d.o(x$fpl$f2d)
    _f2d                                     0x0800b8a9   Thumb Code    86  f2d.o(x$fpl$f2d)
    __fpl_fnaninf                            0x0800b8ff   Thumb Code   140  fnaninf.o(x$fpl$fnaninf)
    _fp_init                                 0x0800b98b   Thumb Code    10  fpinit.o(x$fpl$fpinit)
    __fplib_config_fpu_vfp                   0x0800b993   Thumb Code     0  fpinit.o(x$fpl$fpinit)
    __fplib_config_pureend_doubles           0x0800b993   Thumb Code     0  fpinit.o(x$fpl$fpinit)
    __fpl_fretinf                            0x0800b995   Thumb Code    10  fretinf.o(x$fpl$fretinf)
    __fpl_return_NaN                         0x0800b99f   Thumb Code   100  retnan.o(x$fpl$retnan)
    __ARM_scalbn                             0x0800ba03   Thumb Code    92  scalbn.o(x$fpl$scalbn)
    __fpl_cmpreturn                          0x0800ba5f   Thumb Code    48  trapv.o(x$fpl$trapveneer)
    CRC8_INIT                                0x0800ba8e   Data           1  vegmath.o(.constdata)
    __I$use$fp                               0x0800ba8e   Number         0  usenofp.o(x$fpl$usenofp)
    CRC8_TAB                                 0x0800ba8f   Data         256  vegmath.o(.constdata)
    wCRC_Table                               0x0800bb90   Data         512  vegmath.o(.constdata)
    __mathlib_zero                           0x0800bf28   Data           8  qnan.o(.constdata)
    Region$$Table$$Base                      0x0800bf30   Number         0  anon$$obj.o(Region$$Table)
    Region$$Table$$Limit                     0x0800bf50   Number         0  anon$$obj.o(Region$$Table)
    pxCurrentTCB                             0x20000010   Data           4  tasks.o(.data)
    beta                                     0x20000090   Data           4  madgwickahrs.o(.data)
    q0                                       0x20000094   Data           4  madgwickahrs.o(.data)
    q1                                       0x20000098   Data           4  madgwickahrs.o(.data)
    q2                                       0x2000009c   Data           4  madgwickahrs.o(.data)
    q3                                       0x200000a0   Data           4  madgwickahrs.o(.data)
    IMU_id                                   0x200000a4   Data           2  mpu6500_driver.o(.data)
    cordic_ctab                              0x200000a8   Data         128  vegmath.o(.data)
    CRC_INIT                                 0x20000128   Data           2  vegmath.o(.data)
    __stdout                                 0x2000012c   Data           4  usart.o(.data)
    Filter_Yaw                               0x20000168   Data          52  driver_gyroscope.o(.data)
    DMA_Table                                0x2000019c   Data         360  driver_bsp.o(.data)
    LedWarningLock                           0x20000304   Data           1  driver_bsp.o(.data)
    LedWarningRow                            0x20000305   Data           1  driver_bsp.o(.data)
    LedWarningBlinkTimes                     0x20000306   Data           2  driver_bsp.o(.data)
    LedWarningLastWakeTime                   0x20000308   Data           2  driver_bsp.o(.data)
    ProtocolInfoList                         0x2000035f   Data        1110  driver_protocol.o(.data)
    ProtocolInfoListSize                     0x200007b5   Data           1  driver_protocol.o(.data)
    SystemCoreClock                          0x20000830   Data           4  system_stm32f4xx.o(.data)
    AHBPrescTable                            0x20000834   Data          16  system_stm32f4xx.o(.data)
    Board_Id                                 0x20000883   Data           1  main.o(.data)
    Robot_Id                                 0x20000884   Data           1  main.o(.data)
    ulHighFrequencyTimerTicks                0x20000888   Data           4  main.o(.data)
    ControlMode                              0x2000088c   Data           1  main.o(.data)
    FrictEnabled                             0x2000088d   Data           1  main.o(.data)
    StirEnabled                              0x2000088e   Data           1  main.o(.data)
    StirReloadEnabled                        0x2000088f   Data           1  main.o(.data)
    MagzineOpened                            0x20000890   Data           1  main.o(.data)
    FastShootMode                            0x20000891   Data           1  main.o(.data)
    PsAimEnabled                             0x20000892   Data           1  main.o(.data)
    PsShootEnabled                           0x20000893   Data           1  main.o(.data)
    SwingMode                                0x20000894   Data           1  main.o(.data)
    SafetyMode                               0x20000895   Data           1  main.o(.data)
    PigeonMode                               0x20000896   Data           1  main.o(.data)
    FastmoveMode                             0x20000897   Data           1  main.o(.data)
    FacingEnemyMode                          0x20000898   Data           1  main.o(.data)
    mouseData                                0x2000089a   Data           8  main.o(.data)
    PigeonCurrent                            0x200008a2   Data           1  main.o(.data)
    PigeonVoltage                            0x200008a3   Data           1  main.o(.data)
    PigeonEnergy                             0x200008a4   Data           1  main.o(.data)
    PigeonChargeEnable                       0x200008a5   Data           1  main.o(.data)
    targetSpeed                              0x200008a8   Data           4  main.o(.data)
    xQueueRegistry                           0x200008ac   Data          64  queue.o(.bss)
    HostAutoaimData                          0x20013618   Data           9  main.o(.bss)
    HostChassisData                          0x20013621   Data          12  main.o(.bss)
    Motor_LF                                 0x20013630   Data          44  main.o(.bss)
    Motor_RF                                 0x2001365c   Data          44  main.o(.bss)
    Motor_RB                                 0x20013688   Data          44  main.o(.bss)
    Motor_LB                                 0x200136b4   Data          44  main.o(.bss)
    Motor_LAJI                               0x200136e0   Data          44  main.o(.bss)
    Motor_Yaw                                0x2001370c   Data          44  main.o(.bss)
    Motor_Pitch                              0x20013738   Data          44  main.o(.bss)
    Motor_Pitch2                             0x20013764   Data          44  main.o(.bss)
    PID_Cloud_YawAngle                       0x20013790   Data          60  main.o(.bss)
    PID_Cloud_YawSpeed                       0x200137cc   Data          60  main.o(.bss)
    PID_Cloud_PitchAngle                     0x20013808   Data          60  main.o(.bss)
    PID_Cloud_PitchSpeed                     0x20013844   Data          60  main.o(.bss)
    PID_Follow_Angle                         0x20013880   Data          60  main.o(.bss)
    PID_Follow_Speed                         0x200138bc   Data          60  main.o(.bss)
    remoteBuffer                             0x200138f8   Data          19  main.o(.bss)
    remoteData                               0x2001390c   Data          12  main.o(.bss)
    keyboardData                             0x20013918   Data          40  main.o(.bss)
    ImuData                                  0x20013940   Data          44  main.o(.bss)
    Gyroscope_EulerData                      0x2001396c   Data          20  main.o(.bss)
    DebugData                                0x20013980   Data          32  main.o(.bss)
    ChassisData                              0x200139a0   Data         120  main.o(.bss)
    PID_LFCM                                 0x20013a18   Data          60  main.o(.bss)
    PID_LBCM                                 0x20013a54   Data          60  main.o(.bss)
    PID_RBCM                                 0x20013a90   Data          60  main.o(.bss)
    PID_RFCM                                 0x20013acc   Data          60  main.o(.bss)
    PID_YawAngle                             0x20013b08   Data          60  main.o(.bss)
    PID_YawSpeed                             0x20013b44   Data          60  main.o(.bss)
    ProtocolData                             0x20013b80   Data         655  main.o(.bss)
    Node_Judge                               0x20013e0f   Data         418  main.o(.bss)
    Node_Host                                0x20013fb1   Data         418  main.o(.bss)
    Node_Board                               0x20014153   Data         418  main.o(.bss)
    PWM_Magazine_Servo                       0x200142f8   Data          36  main.o(.bss)
    Motor_Stir                               0x2001431c   Data          44  main.o(.bss)
    Motor_FL                                 0x20014348   Data          44  main.o(.bss)
    Motor_FR                                 0x20014374   Data          44  main.o(.bss)
    PID_StirSpeed                            0x200143a0   Data          60  main.o(.bss)
    PID_StirAngle                            0x200143dc   Data          60  main.o(.bss)
    PID_FireL                                0x20014418   Data          60  main.o(.bss)
    PID_FireR                                0x20014454   Data          60  main.o(.bss)
    PWM_Test                                 0x20014490   Data          36  main.o(.bss)
    BridgeData                               0x200144b4   Data         152  main.o(.bss)
    interactionFigure_1_0                    0x2001454c   Data          15  main.o(.bss)
    interactionFigure_7_0                    0x2001455b   Data         105  main.o(.bss)
    extClientCustomChar_0                    0x200145c4   Data          45  main.o(.bss)
    _random_number_data                      0x200145f4   Data         228  rand.o(.bss)
    __libspace_start                         0x200146d8   Data          96  libspace.o(.bss)
    __temporary_stack_top$libspace           0x20014738   Data           0  libspace.o(.bss)



==============================================================================

Memory Map of the image

  Image Entry point : 0x080001ad

  Load Region LR_IROM1 (Base: 0x08000000, Size: 0x0000c7fc, Max: 0x00200000, ABSOLUTE, COMPRESSED[0x0000c1a0])

    Execution Region ER_IROM1 (Exec base: 0x08000000, Load base: 0x08000000, Size: 0x0000bf50, Max: 0x00200000, ABSOLUTE)

    Exec Addr    Load Addr    Size         Type   Attr      Idx    E Section Name        Object

    0x08000000   0x08000000   0x000001ac   Data   RO            3    RESET               startup_stm32f427xx.o
    0x080001ac   0x080001ac   0x00000008   Code   RO         5373  * !!!main             c_w.l(__main.o)
    0x080001b4   0x080001b4   0x00000034   Code   RO         5831    !!!scatter          c_w.l(__scatter.o)
    0x080001e8   0x080001e8   0x0000005a   Code   RO         5829    !!dczerorl2         c_w.l(__dczerorl2.o)
    0x08000242   0x08000242   0x00000002   PAD
    0x08000244   0x08000244   0x0000001c   Code   RO         5833    !!handler_zi        c_w.l(__scatter_zi.o)
    0x08000260   0x08000260   0x00000000   Code   RO         5351    .ARM.Collect$$_printf_percent$$00000000  c_w.l(_printf_percent.o)
    0x08000260   0x08000260   0x00000006   Code   RO         5347    .ARM.Collect$$_printf_percent$$0000000C  c_w.l(_printf_x.o)
    0x08000266   0x08000266   0x00000004   Code   RO         5543    .ARM.Collect$$_printf_percent$$00000017  c_w.l(_printf_percent_end.o)
    0x0800026a   0x0800026a   0x00000002   Code   RO         5762    .ARM.Collect$$libinit$$00000000  c_w.l(libinit.o)
    0x0800026c   0x0800026c   0x00000004   Code   RO         5546    .ARM.Collect$$libinit$$00000001  c_w.l(libinit2.o)
    0x08000270   0x08000270   0x00000000   Code   RO         5549    .ARM.Collect$$libinit$$00000004  c_w.l(libinit2.o)
    0x08000270   0x08000270   0x00000008   Code   RO         5550    .ARM.Collect$$libinit$$00000005  c_w.l(libinit2.o)
    0x08000278   0x08000278   0x00000000   Code   RO         5552    .ARM.Collect$$libinit$$0000000A  c_w.l(libinit2.o)
    0x08000278   0x08000278   0x00000000   Code   RO         5554    .ARM.Collect$$libinit$$0000000C  c_w.l(libinit2.o)
    0x08000278   0x08000278   0x00000004   Code   RO         5555    .ARM.Collect$$libinit$$0000000D  c_w.l(libinit2.o)
    0x0800027c   0x0800027c   0x00000000   Code   RO         5556    .ARM.Collect$$libinit$$0000000E  c_w.l(libinit2.o)
    0x0800027c   0x0800027c   0x00000000   Code   RO         5559    .ARM.Collect$$libinit$$00000011  c_w.l(libinit2.o)
    0x0800027c   0x0800027c   0x00000000   Code   RO         5561    .ARM.Collect$$libinit$$00000013  c_w.l(libinit2.o)
    0x0800027c   0x0800027c   0x00000000   Code   RO         5563    .ARM.Collect$$libinit$$00000015  c_w.l(libinit2.o)
    0x0800027c   0x0800027c   0x00000000   Code   RO         5565    .ARM.Collect$$libinit$$00000017  c_w.l(libinit2.o)
    0x0800027c   0x0800027c   0x00000000   Code   RO         5567    .ARM.Collect$$libinit$$00000019  c_w.l(libinit2.o)
    0x0800027c   0x0800027c   0x00000000   Code   RO         5569    .ARM.Collect$$libinit$$0000001B  c_w.l(libinit2.o)
    0x0800027c   0x0800027c   0x00000000   Code   RO         5571    .ARM.Collect$$libinit$$0000001D  c_w.l(libinit2.o)
    0x0800027c   0x0800027c   0x00000000   Code   RO         5573    .ARM.Collect$$libinit$$0000001F  c_w.l(libinit2.o)
    0x0800027c   0x0800027c   0x00000000   Code   RO         5575    .ARM.Collect$$libinit$$00000021  c_w.l(libinit2.o)
    0x0800027c   0x0800027c   0x00000000   Code   RO         5577    .ARM.Collect$$libinit$$00000023  c_w.l(libinit2.o)
    0x0800027c   0x0800027c   0x00000000   Code   RO         5579    .ARM.Collect$$libinit$$00000025  c_w.l(libinit2.o)
    0x0800027c   0x0800027c   0x00000000   Code   RO         5583    .ARM.Collect$$libinit$$0000002C  c_w.l(libinit2.o)
    0x0800027c   0x0800027c   0x00000000   Code   RO         5585    .ARM.Collect$$libinit$$0000002E  c_w.l(libinit2.o)
    0x0800027c   0x0800027c   0x00000000   Code   RO         5587    .ARM.Collect$$libinit$$00000030  c_w.l(libinit2.o)
    0x0800027c   0x0800027c   0x00000000   Code   RO         5589    .ARM.Collect$$libinit$$00000032  c_w.l(libinit2.o)
    0x0800027c   0x0800027c   0x00000002   Code   RO         5590    .ARM.Collect$$libinit$$00000033  c_w.l(libinit2.o)
    0x0800027e   0x0800027e   0x00000002   Code   RO         5826    .ARM.Collect$$libshutdown$$00000000  c_w.l(libshutdown.o)
    0x08000280   0x08000280   0x00000000   Code   RO         5778    .ARM.Collect$$libshutdown$$00000002  c_w.l(libshutdown2.o)
    0x08000280   0x08000280   0x00000000   Code   RO         5780    .ARM.Collect$$libshutdown$$00000004  c_w.l(libshutdown2.o)
    0x08000280   0x08000280   0x00000000   Code   RO         5782    .ARM.Collect$$libshutdown$$00000006  c_w.l(libshutdown2.o)
    0x08000280   0x08000280   0x00000000   Code   RO         5785    .ARM.Collect$$libshutdown$$00000009  c_w.l(libshutdown2.o)
    0x08000280   0x08000280   0x00000000   Code   RO         5788    .ARM.Collect$$libshutdown$$0000000C  c_w.l(libshutdown2.o)
    0x08000280   0x08000280   0x00000000   Code   RO         5790    .ARM.Collect$$libshutdown$$0000000E  c_w.l(libshutdown2.o)
    0x08000280   0x08000280   0x00000000   Code   RO         5793    .ARM.Collect$$libshutdown$$00000011  c_w.l(libshutdown2.o)
    0x08000280   0x08000280   0x00000002   Code   RO         5794    .ARM.Collect$$libshutdown$$00000012  c_w.l(libshutdown2.o)
    0x08000282   0x08000282   0x00000000   Code   RO         5497    .ARM.Collect$$rtentry$$00000000  c_w.l(__rtentry.o)
    0x08000282   0x08000282   0x00000000   Code   RO         5651    .ARM.Collect$$rtentry$$00000002  c_w.l(__rtentry2.o)
    0x08000282   0x08000282   0x00000006   Code   RO         5663    .ARM.Collect$$rtentry$$00000004  c_w.l(__rtentry4.o)
    0x08000288   0x08000288   0x00000000   Code   RO         5653    .ARM.Collect$$rtentry$$00000009  c_w.l(__rtentry2.o)
    0x08000288   0x08000288   0x00000004   Code   RO         5654    .ARM.Collect$$rtentry$$0000000A  c_w.l(__rtentry2.o)
    0x0800028c   0x0800028c   0x00000000   Code   RO         5656    .ARM.Collect$$rtentry$$0000000C  c_w.l(__rtentry2.o)
    0x0800028c   0x0800028c   0x00000008   Code   RO         5657    .ARM.Collect$$rtentry$$0000000D  c_w.l(__rtentry2.o)
    0x08000294   0x08000294   0x00000002   Code   RO         5767    .ARM.Collect$$rtexit$$00000000  c_w.l(rtexit.o)
    0x08000296   0x08000296   0x00000000   Code   RO         5800    .ARM.Collect$$rtexit$$00000002  c_w.l(rtexit2.o)
    0x08000296   0x08000296   0x00000004   Code   RO         5801    .ARM.Collect$$rtexit$$00000003  c_w.l(rtexit2.o)
    0x0800029a   0x0800029a   0x00000006   Code   RO         5802    .ARM.Collect$$rtexit$$00000004  c_w.l(rtexit2.o)
    0x080002a0   0x080002a0   0x000000b6   Code   RO         3519    .emb_text           port.o
    0x08000356   0x08000356   0x00000002   PAD
    0x08000358   0x08000358   0x00000034   Code   RO         5352    .emb_text           c_w.l(rand.o)
    0x0800038c   0x0800038c   0x00000000   Code   RO         5677    .emb_text           c_w.l(maybetermalloc1.o)
    0x0800038c   0x0800038c   0x00000040   Code   RO            4    .text               startup_stm32f427xx.o
    0x080003cc   0x080003cc   0x0000005e   Code   RO         5234    .text               c_w.l(h1_alloc.o)
    0x0800042a   0x0800042a   0x00000002   PAD
    0x0800042c   0x0800042c   0x00000018   Code   RO         5292    .text               c_w.l(noretval__2printf.o)
    0x08000444   0x08000444   0x00000028   Code   RO         5294    .text               c_w.l(noretval__2sprintf.o)
    0x0800046c   0x0800046c   0x0000004e   Code   RO         5298    .text               c_w.l(_printf_pad.o)
    0x080004ba   0x080004ba   0x00000002   PAD
    0x080004bc   0x080004bc   0x00000058   Code   RO         5307    .text               c_w.l(_printf_hex_int.o)
    0x08000514   0x08000514   0x0000010e   Code   RO         5333    .text               c_w.l(__printf_wp.o)
    0x08000622   0x08000622   0x00000002   PAD
    0x08000624   0x08000624   0x0000003c   Code   RO         5353    .text               c_w.l(rand.o)
    0x08000660   0x08000660   0x00000048   Code   RO         5357    .text               c_w.l(strcpy.o)
    0x080006a8   0x080006a8   0x0000008a   Code   RO         5361    .text               c_w.l(rt_memcpy_v6.o)
    0x08000732   0x08000732   0x00000064   Code   RO         5363    .text               c_w.l(rt_memcpy_w.o)
    0x08000796   0x08000796   0x00000010   Code   RO         5365    .text               c_w.l(aeabi_memset.o)
    0x080007a6   0x080007a6   0x00000044   Code   RO         5367    .text               c_w.l(rt_memclr.o)
    0x080007ea   0x080007ea   0x0000004e   Code   RO         5369    .text               c_w.l(rt_memclr_w.o)
    0x08000838   0x08000838   0x00000006   Code   RO         5371    .text               c_w.l(heapauxi.o)
    0x0800083e   0x0800083e   0x00000002   PAD
    0x08000840   0x08000840   0x00000008   Code   RO         5501    .text               c_w.l(rt_heap_descriptor_intlibspace.o)
    0x08000848   0x08000848   0x00000004   Code   RO         5503    .text               c_w.l(hguard.o)
    0x0800084c   0x0800084c   0x0000008a   Code   RO         5505    .text               c_w.l(init_alloc.o)
    0x080008d6   0x080008d6   0x0000000e   Code   RO         5511    .text               c_w.l(h1_init.o)
    0x080008e4   0x080008e4   0x0000004e   Code   RO         5513    .text               c_w.l(h1_free.o)
    0x08000932   0x08000932   0x00000016   Code   RO         5529    .text               c_w.l(_rserrno.o)
    0x08000948   0x08000948   0x000000b2   Code   RO         5531    .text               c_w.l(_printf_intcommon.o)
    0x080009fa   0x080009fa   0x00000002   PAD
    0x080009fc   0x080009fc   0x00000030   Code   RO         5535    .text               c_w.l(_printf_char_common.o)
    0x08000a2c   0x08000a2c   0x0000000a   Code   RO         5537    .text               c_w.l(_sputc.o)
    0x08000a36   0x08000a36   0x00000002   PAD
    0x08000a38   0x08000a38   0x00000024   Code   RO         5541    .text               c_w.l(_printf_char_file.o)
    0x08000a5c   0x08000a5c   0x00000008   Code   RO         5647    .text               c_w.l(libspace.o)
    0x08000a64   0x08000a64   0x00000008   Code   RO         5673    .text               c_w.l(rt_errno_addr_intlibspace.o)
    0x08000a6c   0x08000a6c   0x00000034   Code   RO         5679    .text               c_w.l(h1_extend.o)
    0x08000aa0   0x08000aa0   0x00000008   Code   RO         5714    .text               c_w.l(ferror.o)
    0x08000aa8   0x08000aa8   0x0000000e   Code   RO         5721    .text               c_w.l(defsig_rtmem_outer.o)
    0x08000ab6   0x08000ab6   0x00000002   Code   RO         5736    .text               c_w.l(use_no_semi.o)
    0x08000ab8   0x08000ab8   0x00000000   Code   RO         5738    .text               c_w.l(indicate_semi.o)
    0x08000ab8   0x08000ab8   0x0000004a   Code   RO         5739    .text               c_w.l(sys_stackheap_outer.o)
    0x08000b02   0x08000b02   0x00000012   Code   RO         5745    .text               c_w.l(exit.o)
    0x08000b14   0x08000b14   0x0000000a   Code   RO         5747    .text               c_w.l(defsig_exit.o)
    0x08000b1e   0x08000b1e   0x00000002   PAD
    0x08000b20   0x08000b20   0x00000050   Code   RO         5749    .text               c_w.l(defsig_rtmem_inner.o)
    0x08000b70   0x08000b70   0x0000000c   Code   RO         5765    .text               c_w.l(sys_exit.o)
    0x08000b7c   0x08000b7c   0x00000032   Code   RO         5775    .text               c_w.l(defsig_general.o)
    0x08000bae   0x08000bae   0x0000000e   Code   RO         5797    .text               c_w.l(sys_wrch.o)
    0x08000bbc   0x08000bbc   0x000000a0   Code   RO         4461    i.BSP_Beep_Init     driver_bsp.o
    0x08000c5c   0x08000c5c   0x000001dc   Code   RO         4463    i.BSP_CAN_Init      driver_bsp.o
    0x08000e38   0x08000e38   0x000000b0   Code   RO         4464    i.BSP_DBUS_Init     driver_bsp.o
    0x08000ee8   0x08000ee8   0x000000c8   Code   RO         4465    i.BSP_DMA_Init      driver_bsp.o
    0x08000fb0   0x08000fb0   0x0000012c   Code   RO         4466    i.BSP_IMU_Init      driver_bsp.o
    0x080010dc   0x080010dc   0x00000040   Code   RO         4467    i.BSP_LED_Init      driver_bsp.o
    0x0800111c   0x0800111c   0x00000038   Code   RO         4468    i.BSP_Laser_Init    driver_bsp.o
    0x08001154   0x08001154   0x0000012c   Code   RO         4470    i.BSP_PWM_Init      driver_bsp.o
    0x08001280   0x08001280   0x00000068   Code   RO         4471    i.BSP_PWM_Set_Port  driver_bsp.o
    0x080012e8   0x080012e8   0x00000150   Code   RO         4472    i.BSP_Stone_Id_Init  driver_bsp.o
    0x08001438   0x08001438   0x000000a0   Code   RO         4473    i.BSP_TIM2_Init     driver_bsp.o
    0x080014d8   0x080014d8   0x00000044   Code   RO         4474    i.BSP_UART7_Init    driver_bsp.o
    0x0800151c   0x0800151c   0x00000040   Code   RO         4475    i.BSP_UART8_Init    driver_bsp.o
    0x0800155c   0x0800155c   0x000000d4   Code   RO         4480    i.BSP_USART_Init    driver_bsp.o
    0x08001630   0x08001630   0x00000054   Code   RO         4481    i.BSP_User_Power_Init  driver_bsp.o
    0x08001684   0x08001684   0x00000002   Code   RO         3843    i.Beep_Init         beep.o
    0x08001686   0x08001686   0x00000002   PAD
    0x08001688   0x08001688   0x000000a0   Code   RO         4829    i.Bridge_Bind       driver_bridge.o
    0x08001728   0x08001728   0x0000005a   Code   RO         4830    i.Bridge_Check_Motor_Watchdog  driver_bridge.o
    0x08001782   0x08001782   0x00000002   PAD
    0x08001784   0x08001784   0x000000a0   Code   RO         4831    i.Bridge_Receive_CAN  driver_bridge.o
    0x08001824   0x08001824   0x00000094   Code   RO         4832    i.Bridge_Receive_USART  driver_bridge.o
    0x080018b8   0x080018b8   0x00000130   Code   RO         4834    i.Bridge_Send_Motor  driver_bridge.o
    0x080019e8   0x080019e8   0x0000006c   Code   RO         4835    i.Bridge_Send_Protocol  driver_bridge.o
    0x08001a54   0x08001a54   0x00000098   Code   RO         4836    i.Bridge_Send_Protocol_Once  driver_bridge.o
    0x08001aec   0x08001aec   0x00000004   Code   RO         5017    i.BusFault_Handler  interrupt.o
    0x08001af0   0x08001af0   0x00000010   Code   RO         5018    i.CAN1_RX0_IRQHandler  interrupt.o
    0x08001b00   0x08001b00   0x00000010   Code   RO         5019    i.CAN2_RX0_IRQHandler  interrupt.o
    0x08001b10   0x08001b10   0x00000108   Code   RO          415    i.CAN_FilterInit    stm32f4xx_can.o
    0x08001c18   0x08001c18   0x00000012   Code   RO          421    i.CAN_ITConfig      stm32f4xx_can.o
    0x08001c2a   0x08001c2a   0x00000114   Code   RO          422    i.CAN_Init          stm32f4xx_can.o
    0x08001d3e   0x08001d3e   0x000000f0   Code   RO          425    i.CAN_Receive       stm32f4xx_can.o
    0x08001e2e   0x08001e2e   0x00000126   Code   RO          430    i.CAN_Transmit      stm32f4xx_can.o
    0x08001f54   0x08001f54   0x000000a0   Code   RO          431    i.CAN_TransmitStatus  stm32f4xx_can.o
    0x08001ff4   0x08001ff4   0x00000080   Code   RO         4042    i.Can_Send          driver_can.o
    0x08002074   0x08002074   0x0000009a   Code   RO         4043    i.Can_Send_Msg      driver_can.o
    0x0800210e   0x0800210e   0x00000002   PAD
    0x08002110   0x08002110   0x000000bc   Code   RO         4241    i.Chassis_Calculate_Rotor_Speed  driver_chassis.o
    0x080021cc   0x080021cc   0x00000072   Code   RO         4242    i.Chassis_Fix       driver_chassis.o
    0x0800223e   0x0800223e   0x00000002   PAD
    0x08002240   0x08002240   0x00000084   Code   RO         4243    i.Chassis_Init      driver_chassis.o
    0x080022c4   0x080022c4   0x000001b4   Code   RO         4244    i.Chassis_Limit_Power  driver_chassis.o
    0x08002478   0x08002478   0x0000007c   Code   RO         4245    i.Chassis_Limit_Rotor_Speed  driver_chassis.o
    0x080024f4   0x080024f4   0x00000072   Code   RO         4246    i.Chassis_Scale_Rotor_Speed  driver_chassis.o
    0x08002566   0x08002566   0x0000000e   Code   RO         4247    i.Chassis_Update    driver_chassis.o
    0x08002574   0x08002574   0x0000001c   Code   RO         4071    i.DBUS_Init         driver_dbus.o
    0x08002590   0x08002590   0x00000110   Code   RO         4072    i.DBus_Update       driver_dbus.o
    0x080026a0   0x080026a0   0x00000034   Code   RO          572    i.DMA_ClearFlag     stm32f4xx_dma.o
    0x080026d4   0x080026d4   0x00000016   Code   RO          574    i.DMA_Cmd           stm32f4xx_dma.o
    0x080026ea   0x080026ea   0x00000002   PAD
    0x080026ec   0x080026ec   0x00000028   Code   RO         4482    i.DMA_Disable       driver_bsp.o
    0x08002714   0x08002714   0x0000004c   Code   RO         4483    i.DMA_Enable        driver_bsp.o
    0x08002760   0x08002760   0x00000014   Code   RO          579    i.DMA_GetCmdStatus  stm32f4xx_dma.o
    0x08002774   0x08002774   0x00000008   Code   RO          580    i.DMA_GetCurrDataCounter  stm32f4xx_dma.o
    0x0800277c   0x0800277c   0x00000012   Code   RO         4484    i.DMA_Get_Data_Counter  driver_bsp.o
    0x0800278e   0x0800278e   0x00000002   PAD
    0x08002790   0x08002790   0x00000024   Code   RO         4485    i.DMA_Get_Stream    driver_bsp.o
    0x080027b4   0x080027b4   0x00000058   Code   RO          586    i.DMA_Init          stm32f4xx_dma.o
    0x0800280c   0x0800280c   0x00000004   Code   RO          589    i.DMA_SetCurrDataCounter  stm32f4xx_dma.o
    0x08002810   0x08002810   0x00000004   Code   RO         5020    i.DebugMon_Handler  interrupt.o
    0x08002814   0x08002814   0x00000054   Code   RO         3598    i.Delay_Init        delay.o
    0x08002868   0x08002868   0x00000028   Code   RO         5021    i.EXTI9_5_IRQHandler  interrupt.o
    0x08002890   0x08002890   0x0000000c   Code   RO          828    i.EXTI_ClearFlag    stm32f4xx_exti.o
    0x0800289c   0x0800289c   0x0000000c   Code   RO          829    i.EXTI_ClearITPendingBit  stm32f4xx_exti.o
    0x080028a8   0x080028a8   0x00000018   Code   RO          833    i.EXTI_GetITStatus  stm32f4xx_exti.o
    0x080028c0   0x080028c0   0x00000094   Code   RO          834    i.EXTI_Init         stm32f4xx_exti.o
    0x08002954   0x08002954   0x00000068   Code   RO         4366    i.Filter_Apply_Limit_Breadth  driver_filter.o
    0x080029bc   0x080029bc   0x000000a4   Code   RO         4367    i.Filter_Update     driver_filter.o
    0x08002a60   0x08002a60   0x00000090   Code   RO         1145    i.GPIO_Init         stm32f4xx_gpio.o
    0x08002af0   0x08002af0   0x00000046   Code   RO         1146    i.GPIO_PinAFConfig  stm32f4xx_gpio.o
    0x08002b36   0x08002b36   0x00000012   Code   RO         1149    i.GPIO_ReadInputDataBit  stm32f4xx_gpio.o
    0x08002b48   0x08002b48   0x00000004   Code   RO         1152    i.GPIO_ResetBits    stm32f4xx_gpio.o
    0x08002b4c   0x08002b4c   0x00000004   Code   RO         1153    i.GPIO_SetBits      stm32f4xx_gpio.o
    0x08002b50   0x08002b50   0x0000003c   Code   RO         3924    i.Get_CRC16_Check_Sum  vegmath.o
    0x08002b8c   0x08002b8c   0x00000024   Code   RO         3925    i.Get_CRC8_Check_Sum  vegmath.o
    0x08002bb0   0x08002bb0   0x00000054   Code   RO         4405    i.Gyroscope_Init    driver_gyroscope.o
    0x08002c04   0x08002c04   0x00000008   Code   RO         4406    i.Gyroscope_Set_Bias  driver_gyroscope.o
    0x08002c0c   0x08002c0c   0x000004b4   Code   RO         4407    i.Gyroscope_Solve   driver_gyroscope.o
    0x080030c0   0x080030c0   0x000000c0   Code   RO         4408    i.Gyroscope_Update  driver_gyroscope.o
    0x08003180   0x08003180   0x00000004   Code   RO         5022    i.HardFault_Handler  interrupt.o
    0x08003184   0x08003184   0x0000004c   Code   RO         3754    i.IIC_Ack           mpu6500_i2c.o
    0x080031d0   0x080031d0   0x0000001a   Code   RO         3755    i.IIC_Delay         mpu6500_i2c.o
    0x080031ea   0x080031ea   0x00000002   PAD
    0x080031ec   0x080031ec   0x00000018   Code   RO         3756    i.IIC_GPIO_Init     mpu6500_i2c.o
    0x08003204   0x08003204   0x00000058   Code   RO         3757    i.IIC_ReadBit       mpu6500_i2c.o
    0x0800325c   0x0800325c   0x000000bc   Code   RO         3758    i.IIC_ReadData      mpu6500_i2c.o
    0x08003318   0x08003318   0x0000002c   Code   RO         3759    i.IIC_SDA_In        mpu6500_i2c.o
    0x08003344   0x08003344   0x00000030   Code   RO         3760    i.IIC_SDA_Out       mpu6500_i2c.o
    0x08003374   0x08003374   0x00000078   Code   RO         3761    i.IIC_Start         mpu6500_i2c.o
    0x080033ec   0x080033ec   0x00000034   Code   RO         3762    i.IIC_Stop          mpu6500_i2c.o
    0x08003420   0x08003420   0x00000054   Code   RO         3763    i.IIC_WaitAck       mpu6500_i2c.o
    0x08003474   0x08003474   0x00000060   Code   RO         3764    i.IIC_WriteBit      mpu6500_i2c.o
    0x080034d4   0x080034d4   0x0000009c   Code   RO         3765    i.IIC_WriteData     mpu6500_i2c.o
    0x08003570   0x08003570   0x0000000c   Code   RO         4488    i.LED_Cancel_Warning  driver_bsp.o
    0x0800357c   0x0800357c   0x00000074   Code   RO         3898    i.LED_Init          led.o
    0x080035f0   0x080035f0   0x00000088   Code   RO         4490    i.LED_Run_Horse_XP  driver_bsp.o
    0x08003678   0x08003678   0x0000002a   Code   RO         4493    i.LED_Set_Progress  driver_bsp.o
    0x080036a2   0x080036a2   0x00000002   PAD
    0x080036a4   0x080036a4   0x00000028   Code   RO         4494    i.LED_Set_Row       driver_bsp.o
    0x080036cc   0x080036cc   0x0000001c   Code   RO         4495    i.LED_Set_Warning   driver_bsp.o
    0x080036e8   0x080036e8   0x00000050   Code   RO         4496    i.LED_Task_Warning  driver_bsp.o
    0x08003738   0x08003738   0x0000002c   Code   RO         3706    i.MPU6500_EnableInt  mpu6500_driver.o
    0x08003764   0x08003764   0x000000c4   Code   RO         3707    i.MPU6500_Init      mpu6500_driver.o
    0x08003828   0x08003828   0x00000014   Code   RO         3708    i.MPU6500_Initialize  mpu6500_driver.o
    0x0800383c   0x0800383c   0x000003e0   Code   RO         3665    i.MadgwickAHRSupdateIMU  madgwickahrs.o
    0x08003c1c   0x08003c1c   0x00000004   Code   RO         5023    i.MemManage_Handler  interrupt.o
    0x08003c20   0x08003c20   0x00000016   Code   RO         4334    i.Motor_Init        driver_motor.o
    0x08003c36   0x08003c36   0x00000016   Code   RO         4335    i.Motor_Set_Angle_Bias  driver_motor.o
    0x08003c4c   0x08003c4c   0x0000023c   Code   RO         4336    i.Motor_Update      driver_motor.o
    0x08003e88   0x08003e88   0x00000004   Code   RO         5024    i.NMI_Handler       interrupt.o
    0x08003e8c   0x08003e8c   0x00000078   Code   RO           12    i.NVIC_Init         misc.o
    0x08003f04   0x08003f04   0x00000014   Code   RO           13    i.NVIC_PriorityGroupConfig  misc.o
    0x08003f18   0x08003f18   0x00000116   Code   RO         4107    i.PID_Calculate     driver_pid.o
    0x0800402e   0x0800402e   0x00000002   PAD
    0x08004030   0x08004030   0x0000006c   Code   RO         4109    i.PID_Init          driver_pid.o
    0x0800409c   0x0800409c   0x00000048   Code   RO         4725    i.Protocol_Get_Info_Handle  driver_protocol.o
    0x080040e4   0x080040e4   0x0000005c   Code   RO         4726    i.Protocol_Init     driver_protocol.o
    0x08004140   0x08004140   0x00000150   Code   RO         4727    i.Protocol_Pack     driver_protocol.o
    0x08004290   0x08004290   0x00000254   Code   RO         4728    i.Protocol_Unpack   driver_protocol.o
    0x080044e4   0x080044e4   0x00000020   Code   RO         1242    i.RCC_AHB1PeriphClockCmd  stm32f4xx_rcc.o
    0x08004504   0x08004504   0x00000020   Code   RO         1251    i.RCC_APB1PeriphClockCmd  stm32f4xx_rcc.o
    0x08004524   0x08004524   0x00000020   Code   RO         1254    i.RCC_APB2PeriphClockCmd  stm32f4xx_rcc.o
    0x08004544   0x08004544   0x000000e8   Code   RO         1263    i.RCC_GetClocksFreq  stm32f4xx_rcc.o
    0x0800462c   0x0800462c   0x00000040   Code   RO         1579    i.SYSCFG_EXTILineConfig  stm32f4xx_syscfg.o
    0x0800466c   0x0800466c   0x00000120   Code   RO         4980    i.SetSysClock       system_stm32f4xx.o
    0x0800478c   0x0800478c   0x00000028   Code   RO           16    i.SysTick_CLKSourceConfig  misc.o
    0x080047b4   0x080047b4   0x00000010   Code   RO         3599    i.SysTick_Handler   delay.o
    0x080047c4   0x080047c4   0x00000068   Code   RO         4982    i.SystemInit        system_stm32f4xx.o
    0x0800482c   0x0800482c   0x0000002c   Code   RO         5025    i.TIM2_IRQHandler   interrupt.o
    0x08004858   0x08004858   0x00000018   Code   RO         1636    i.TIM_ARRPreloadConfig  stm32f4xx_tim.o
    0x08004870   0x08004870   0x00000006   Code   RO         1642    i.TIM_ClearFlag     stm32f4xx_tim.o
    0x08004876   0x08004876   0x00000006   Code   RO         1643    i.TIM_ClearITPendingBit  stm32f4xx_tim.o
    0x0800487c   0x0800487c   0x00000018   Code   RO         1648    i.TIM_Cmd           stm32f4xx_tim.o
    0x08004894   0x08004894   0x0000001e   Code   RO         1650    i.TIM_CtrlPWMOutputs  stm32f4xx_tim.o
    0x080048b2   0x080048b2   0x00000022   Code   RO         1669    i.TIM_GetITStatus   stm32f4xx_tim.o
    0x080048d4   0x080048d4   0x00000012   Code   RO         1673    i.TIM_ITConfig      stm32f4xx_tim.o
    0x080048e6   0x080048e6   0x00000002   PAD
    0x080048e8   0x080048e8   0x0000007c   Code   RO         1677    i.TIM_OC1Init       stm32f4xx_tim.o
    0x08004964   0x08004964   0x00000012   Code   RO         1680    i.TIM_OC1PreloadConfig  stm32f4xx_tim.o
    0x08004976   0x08004976   0x00000002   PAD
    0x08004978   0x08004978   0x000000a4   Code   RO         1682    i.TIM_OC2Init       stm32f4xx_tim.o
    0x08004a1c   0x08004a1c   0x0000001a   Code   RO         1685    i.TIM_OC2PreloadConfig  stm32f4xx_tim.o
    0x08004a36   0x08004a36   0x00000002   PAD
    0x08004a38   0x08004a38   0x000000a0   Code   RO         1687    i.TIM_OC3Init       stm32f4xx_tim.o
    0x08004ad8   0x08004ad8   0x00000012   Code   RO         1690    i.TIM_OC3PreloadConfig  stm32f4xx_tim.o
    0x08004aea   0x08004aea   0x00000002   PAD
    0x08004aec   0x08004aec   0x00000078   Code   RO         1692    i.TIM_OC4Init       stm32f4xx_tim.o
    0x08004b64   0x08004b64   0x0000001a   Code   RO         1694    i.TIM_OC4PreloadConfig  stm32f4xx_tim.o
    0x08004b7e   0x08004b7e   0x00000002   PAD
    0x08004b80   0x08004b80   0x00000084   Code   RO         1720    i.TIM_TimeBaseInit  stm32f4xx_tim.o
    0x08004c04   0x08004c04   0x00000018   Code   RO         5156    i.Task_Blink        tasks_1.o
    0x08004c1c   0x08004c1c   0x0000004c   Code   RO         5157    i.Task_Can_Send     tasks_1.o
    0x08004c68   0x08004c68   0x00000bf4   Code   RO         5158    i.Task_Chassis      tasks_1.o
    0x0800585c   0x0800585c   0x0000016c   Code   RO         5159    i.Task_Control      tasks_1.o
    0x080059c8   0x080059c8   0x0000013c   Code   RO         5160    i.Task_Fire_Frict   tasks_1.o
    0x08005b04   0x08005b04   0x00000250   Code   RO         5161    i.Task_Fire_Stir    tasks_1.o
    0x08005d54   0x08005d54   0x00000518   Code   RO         5162    i.Task_Gimbal       tasks_1.o
    0x0800626c   0x0800626c   0x00000100   Code   RO         5163    i.Task_Host         tasks_1.o
    0x0800636c   0x0800636c   0x00000064   Code   RO         4837    i.Task_Send_Protocol  driver_bridge.o
    0x080063d0   0x080063d0   0x000000f8   Code   RO         5165    i.Task_UI           tasks_1.o
    0x080064c8   0x080064c8   0x00000014   Code   RO         5026    i.UART7_IRQHandler  interrupt.o
    0x080064dc   0x080064dc   0x00000014   Code   RO         5027    i.UART8_IRQHandler  interrupt.o
    0x080064f0   0x080064f0   0x00000030   Code   RO         4902    i.UI_1_Protocol_Updata  driver_ui.o
    0x08006520   0x08006520   0x00000030   Code   RO         4905    i.UI_7_Protocol_Updata  driver_ui.o
    0x08006550   0x08006550   0x0000003c   Code   RO         4906    i.UI_Char_Protocol_Updata  driver_ui.o
    0x0800658c   0x0800658c   0x00000534   Code   RO         4907    i.UI_Init           driver_ui.o
    0x08006ac0   0x08006ac0   0x00000058   Code   RO         5028    i.USART1_IRQHandler  interrupt.o
    0x08006b18   0x08006b18   0x00000014   Code   RO         5029    i.USART3_IRQHandler  interrupt.o
    0x08006b2c   0x08006b2c   0x00000014   Code   RO         5030    i.USART6_IRQHandler  interrupt.o
    0x08006b40   0x08006b40   0x00000018   Code   RO         2198    i.USART_Cmd         stm32f4xx_usart.o
    0x08006b58   0x08006b58   0x00000012   Code   RO         2199    i.USART_DMACmd      stm32f4xx_usart.o
    0x08006b6a   0x08006b6a   0x0000004a   Code   RO         2204    i.USART_ITConfig    stm32f4xx_usart.o
    0x08006bb4   0x08006bb4   0x000000d4   Code   RO         2205    i.USART_Init        stm32f4xx_usart.o
    0x08006c88   0x08006c88   0x00000004   Code   RO         5031    i.UsageFault_Handler  interrupt.o
    0x08006c8c   0x08006c8c   0x00000038   Code   RO         3926    i.Verify_CRC16_Check_Sum  vegmath.o
    0x08006cc4   0x08006cc4   0x0000002c   Code   RO         3927    i.Verify_CRC8_Check_Sum  vegmath.o
    0x08006cf0   0x08006cf0   0x00000030   Code   RO         5640    i.__ARM_fpclassify  m_wm.l(fpclassify.o)
    0x08006d20   0x08006d20   0x00000360   Code   RO         5411    i.__hardfp_asin     m_wm.l(asin.o)
    0x08007080   0x08007080   0x000002d8   Code   RO         5612    i.__hardfp_atan     m_wm.l(atan.o)
    0x08007358   0x08007358   0x00000200   Code   RO         5425    i.__hardfp_atan2    m_wm.l(atan2.o)
    0x08007558   0x08007558   0x00000014   Code   RO         5451    i.__hardfp_fabs     m_wm.l(fabs.o)
    0x0800756c   0x0800756c   0x00000104   Code   RO         5457    i.__hardfp_fmod     m_wm.l(fmod.o)
    0x08007670   0x08007670   0x00000c50   Code   RO         5469    i.__hardfp_pow      m_wm.l(pow.o)
    0x080082c0   0x080082c0   0x000000f8   Code   RO         5642    i.__kernel_poly     m_wm.l(poly.o)
    0x080083b8   0x080083b8   0x00000030   Code   RO         5626    i.__mathlib_dbl_divzero  m_wm.l(dunder.o)
    0x080083e8   0x080083e8   0x00000014   Code   RO         5627    i.__mathlib_dbl_infnan  m_wm.l(dunder.o)
    0x080083fc   0x080083fc   0x00000014   Code   RO         5628    i.__mathlib_dbl_infnan2  m_wm.l(dunder.o)
    0x08008410   0x08008410   0x00000020   Code   RO         5629    i.__mathlib_dbl_invalid  m_wm.l(dunder.o)
    0x08008430   0x08008430   0x00000020   Code   RO         5630    i.__mathlib_dbl_overflow  m_wm.l(dunder.o)
    0x08008450   0x08008450   0x00000020   Code   RO         5632    i.__mathlib_dbl_underflow  m_wm.l(dunder.o)
    0x08008470   0x08008470   0x0000000e   Code   RO         5335    i._is_digit         c_w.l(__printf_wp.o)
    0x0800847e   0x0800847e   0x00000010   Code   RO         5614    i.atan              m_wm.l(atan.o)
    0x0800848e   0x0800848e   0x00000002   PAD
    0x08008490   0x08008490   0x00000068   Code   RO         3928    i.cordic            vegmath.o
    0x080084f8   0x080084f8   0x00000044   Code   RO         3600    i.delay_ms          delay.o
    0x0800853c   0x0800853c   0x00000048   Code   RO         3601    i.delay_us          delay.o
    0x08008584   0x08008584   0x00000018   Code   RO         5453    i.fabs              m_wm.l(fabs.o)
    0x0800859c   0x0800859c   0x0000001c   Code   RO         4009    i.fputc             usart.o
    0x080085b8   0x080085b8   0x0000003c   Code   RO         3666    i.invSqrt           madgwickahrs.o
    0x080085f4   0x080085f4   0x00000420   Code   RO         5123    i.main              main.o
    0x08008a14   0x08008a14   0x00000098   Code   RO         2982    i.prvAddCurrentTaskToDelayedList  tasks.o
    0x08008aac   0x08008aac   0x000000b8   Code   RO         2983    i.prvAddNewTaskToReadyList  tasks.o
    0x08008b64   0x08008b64   0x00000064   Code   RO         3340    i.prvCheckForValidListAndQueue  timers.o
    0x08008bc8   0x08008bc8   0x00000064   Code   RO         2984    i.prvCheckTasksWaitingTermination  tasks.o
    0x08008c2c   0x08008c2c   0x0000002a   Code   RO         2781    i.prvCopyDataFromQueue  queue.o
    0x08008c56   0x08008c56   0x0000007c   Code   RO         2782    i.prvCopyDataToQueue  queue.o
    0x08008cd2   0x08008cd2   0x00000012   Code   RO         2985    i.prvDeleteTCB      tasks.o
    0x08008ce4   0x08008ce4   0x00000028   Code   RO         3341    i.prvGetNextExpireTime  timers.o
    0x08008d0c   0x08008d0c   0x0000007c   Code   RO         3470    i.prvHeapInit       heap_4.o
    0x08008d88   0x08008d88   0x00000028   Code   RO         2986    i.prvIdleTask       tasks.o
    0x08008db0   0x08008db0   0x0000002a   Code   RO         2784    i.prvInitialiseNewQueue  queue.o
    0x08008dda   0x08008dda   0x000000b6   Code   RO         2987    i.prvInitialiseNewTask  tasks.o
    0x08008e90   0x08008e90   0x00000068   Code   RO         2988    i.prvInitialiseTaskLists  tasks.o
    0x08008ef8   0x08008ef8   0x00000068   Code   RO         3471    i.prvInsertBlockIntoFreeList  heap_4.o
    0x08008f60   0x08008f60   0x00000058   Code   RO         3343    i.prvInsertTimerInActiveList  timers.o
    0x08008fb8   0x08008fb8   0x0000001a   Code   RO         2785    i.prvIsQueueEmpty   queue.o
    0x08008fd2   0x08008fd2   0x0000001e   Code   RO         2786    i.prvIsQueueFull    queue.o
    0x08008ff0   0x08008ff0   0x00000064   Code   RO         3344    i.prvProcessExpiredTimer  timers.o
    0x08009054   0x08009054   0x000000f8   Code   RO         3345    i.prvProcessReceivedCommands  timers.o
    0x0800914c   0x0800914c   0x00000074   Code   RO         3346    i.prvProcessTimerOrBlockTask  timers.o
    0x080091c0   0x080091c0   0x00000034   Code   RO         2990    i.prvResetNextTaskUnblockTime  tasks.o
    0x080091f4   0x080091f4   0x0000002c   Code   RO         3347    i.prvSampleTimeNow  timers.o
    0x08009220   0x08009220   0x000000a0   Code   RO         3348    i.prvSwitchTimerLists  timers.o
    0x080092c0   0x080092c0   0x00000040   Code   RO         3520    i.prvTaskExitError  port.o
    0x08009300   0x08009300   0x0000001a   Code   RO         3349    i.prvTimerTask      timers.o
    0x0800931a   0x0800931a   0x0000007e   Code   RO         2787    i.prvUnlockQueue    queue.o
    0x08009398   0x08009398   0x0000013c   Code   RO         3472    i.pvPortMalloc      heap_4.o
    0x080094d4   0x080094d4   0x00000020   Code   RO         2994    i.pvTaskIncrementMutexHeldCount  tasks.o
    0x080094f4   0x080094f4   0x0000002c   Code   RO         3521    i.pxPortInitialiseStack  port.o
    0x08009520   0x08009520   0x0000006e   Code   RO         5485    i.sqrt              m_wm.l(sqrt.o)
    0x0800958e   0x0800958e   0x00000028   Code   RO         2744    i.uxListRemove      list.o
    0x080095b6   0x080095b6   0x0000001a   Code   RO         2745    i.vListInitialise   list.o
    0x080095d0   0x080095d0   0x00000006   Code   RO         2746    i.vListInitialiseItem  list.o
    0x080095d6   0x080095d6   0x00000034   Code   RO         2747    i.vListInsert       list.o
    0x0800960a   0x0800960a   0x00000018   Code   RO         2748    i.vListInsertEnd    list.o
    0x08009622   0x08009622   0x00000002   PAD
    0x08009624   0x08009624   0x00000054   Code   RO         3523    i.vPortEnterCritical  port.o
    0x08009678   0x08009678   0x0000003c   Code   RO         3524    i.vPortExitCritical  port.o
    0x080096b4   0x080096b4   0x00000094   Code   RO         3473    i.vPortFree         heap_4.o
    0x08009748   0x08009748   0x00000020   Code   RO         3525    i.vPortSetupTimerInterrupt  port.o
    0x08009768   0x08009768   0x00000078   Code   RO         3526    i.vPortValidateInterruptPriority  port.o
    0x080097e0   0x080097e0   0x0000002c   Code   RO         2793    i.vQueueAddToRegistry  queue.o
    0x0800980c   0x0800980c   0x0000004a   Code   RO         2797    i.vQueueWaitForMessageRestricted  queue.o
    0x08009856   0x08009856   0x00000002   PAD
    0x08009858   0x08009858   0x0000005c   Code   RO         3002    i.vTaskDelay        tasks.o
    0x080098b4   0x080098b4   0x000000d4   Code   RO         3003    i.vTaskDelayUntil   tasks.o
    0x08009988   0x08009988   0x000000f4   Code   RO         3004    i.vTaskDelete       tasks.o
    0x08009a7c   0x08009a7c   0x0000000c   Code   RO         3009    i.vTaskMissedYield  tasks.o
    0x08009a88   0x08009a88   0x00000038   Code   RO         3011    i.vTaskPlaceOnEventList  tasks.o
    0x08009ac0   0x08009ac0   0x00000040   Code   RO         3012    i.vTaskPlaceOnEventListRestricted  tasks.o
    0x08009b00   0x08009b00   0x000000b0   Code   RO         3014    i.vTaskPriorityInherit  tasks.o
    0x08009bb0   0x08009bb0   0x00000030   Code   RO         3018    i.vTaskSetTimeOutState  tasks.o
    0x08009be0   0x08009be0   0x0000009c   Code   RO         3019    i.vTaskStartScheduler  tasks.o
    0x08009c7c   0x08009c7c   0x00000010   Code   RO         3021    i.vTaskSuspendAll   tasks.o
    0x08009c8c   0x08009c8c   0x000000cc   Code   RO         3022    i.vTaskSwitchContext  tasks.o
    0x08009d58   0x08009d58   0x00000024   Code   RO         3930    i.vegcos            vegmath.o
    0x08009d7c   0x08009d7c   0x000000e8   Code   RO         3931    i.vegsin            vegmath.o
    0x08009e64   0x08009e64   0x0000013c   Code   RO         3527    i.xPortStartScheduler  port.o
    0x08009fa0   0x08009fa0   0x00000034   Code   RO         3528    i.xPortSysTickHandler  port.o
    0x08009fd4   0x08009fd4   0x00000058   Code   RO         2800    i.xQueueGenericCreate  queue.o
    0x0800a02c   0x0800a02c   0x000001c4   Code   RO         2801    i.xQueueGenericReceive  queue.o
    0x0800a1f0   0x0800a1f0   0x00000098   Code   RO         2802    i.xQueueGenericReset  queue.o
    0x0800a288   0x0800a288   0x000001a8   Code   RO         2803    i.xQueueGenericSend  queue.o
    0x0800a430   0x0800a430   0x000000f8   Code   RO         2804    i.xQueueGenericSendFromISR  queue.o
    0x0800a528   0x0800a528   0x0000008c   Code   RO         3023    i.xTaskCheckForTimeOut  tasks.o
    0x0800a5b4   0x0800a5b4   0x00000060   Code   RO         3024    i.xTaskCreate       tasks.o
    0x0800a614   0x0800a614   0x00000020   Code   RO         3028    i.xTaskGetSchedulerState  tasks.o
    0x0800a634   0x0800a634   0x0000000c   Code   RO         3029    i.xTaskGetTickCount  tasks.o
    0x0800a640   0x0800a640   0x00000148   Code   RO         3031    i.xTaskIncrementTick  tasks.o
    0x0800a788   0x0800a788   0x000000c8   Code   RO         3034    i.xTaskPriorityDisinherit  tasks.o
    0x0800a850   0x0800a850   0x00000098   Code   RO         3035    i.xTaskRemoveFromEventList  tasks.o
    0x0800a8e8   0x0800a8e8   0x00000104   Code   RO         3037    i.xTaskResumeAll    tasks.o
    0x0800a9ec   0x0800a9ec   0x00000058   Code   RO         3353    i.xTimerCreateTimerTask  timers.o
    0x0800aa44   0x0800aa44   0x00000084   Code   RO         3354    i.xTimerGenericCommand  timers.o
    0x0800aac8   0x0800aac8   0x00000018   Code   RO         5591    x$fpl$basic         fz_wm.l(basic.o)
    0x0800aae0   0x0800aae0   0x00000062   Code   RO         5375    x$fpl$d2f           fz_wm.l(d2f.o)
    0x0800ab42   0x0800ab42   0x00000002   PAD
    0x0800ab44   0x0800ab44   0x00000150   Code   RO         5377    x$fpl$dadd          fz_wm.l(daddsub_clz.o)
    0x0800ac94   0x0800ac94   0x00000010   Code   RO         5730    x$fpl$dcheck1       fz_wm.l(dcheck1.o)
    0x0800aca4   0x0800aca4   0x00000018   Code   RO         5593    x$fpl$dcmpinf       fz_wm.l(dcmpi.o)
    0x0800acbc   0x0800acbc   0x000002b0   Code   RO         5384    x$fpl$ddiv          fz_wm.l(ddiv.o)
    0x0800af6c   0x0800af6c   0x00000078   Code   RO         5595    x$fpl$deqf          fz_wm.l(deqf.o)
    0x0800afe4   0x0800afe4   0x0000005e   Code   RO         5387    x$fpl$dfix          fz_wm.l(dfix.o)
    0x0800b042   0x0800b042   0x00000002   PAD
    0x0800b044   0x0800b044   0x0000005a   Code   RO         5391    x$fpl$dfixu         fz_wm.l(dfixu.o)
    0x0800b09e   0x0800b09e   0x0000002e   Code   RO         5396    x$fpl$dflt          fz_wm.l(dflt_clz.o)
    0x0800b0cc   0x0800b0cc   0x00000026   Code   RO         5395    x$fpl$dfltu         fz_wm.l(dflt_clz.o)
    0x0800b0f2   0x0800b0f2   0x00000002   PAD
    0x0800b0f4   0x0800b0f4   0x00000078   Code   RO         5401    x$fpl$dleqf         fz_wm.l(dleqf.o)
    0x0800b16c   0x0800b16c   0x00000154   Code   RO         5403    x$fpl$dmul          fz_wm.l(dmul.o)
    0x0800b2c0   0x0800b2c0   0x0000009c   Code   RO         5597    x$fpl$dnaninf       fz_wm.l(dnaninf.o)
    0x0800b35c   0x0800b35c   0x00000150   Code   RO         5599    x$fpl$drem          fz_wm.l(drem_clz.o)
    0x0800b4ac   0x0800b4ac   0x0000000c   Code   RO         5601    x$fpl$dretinf       fz_wm.l(dretinf.o)
    0x0800b4b8   0x0800b4b8   0x0000006c   Code   RO         5405    x$fpl$drleqf        fz_wm.l(drleqf.o)
    0x0800b524   0x0800b524   0x00000016   Code   RO         5378    x$fpl$drsb          fz_wm.l(daddsub_clz.o)
    0x0800b53a   0x0800b53a   0x00000002   PAD
    0x0800b53c   0x0800b53c   0x00000198   Code   RO         5603    x$fpl$dsqrt         fz_wm.l(dsqrt_umaal.o)
    0x0800b6d4   0x0800b6d4   0x000001d4   Code   RO         5379    x$fpl$dsub          fz_wm.l(daddsub_clz.o)
    0x0800b8a8   0x0800b8a8   0x00000056   Code   RO         5407    x$fpl$f2d           fz_wm.l(f2d.o)
    0x0800b8fe   0x0800b8fe   0x0000008c   Code   RO         5605    x$fpl$fnaninf       fz_wm.l(fnaninf.o)
    0x0800b98a   0x0800b98a   0x0000000a   Code   RO         5732    x$fpl$fpinit        fz_wm.l(fpinit.o)
    0x0800b994   0x0800b994   0x0000000a   Code   RO         5607    x$fpl$fretinf       fz_wm.l(fretinf.o)
    0x0800b99e   0x0800b99e   0x00000064   Code   RO         5763    x$fpl$retnan        fz_wm.l(retnan.o)
    0x0800ba02   0x0800ba02   0x0000005c   Code   RO         5609    x$fpl$scalbn        fz_wm.l(scalbn.o)
    0x0800ba5e   0x0800ba5e   0x00000030   Code   RO         5795    x$fpl$trapveneer    fz_wm.l(trapv.o)
    0x0800ba8e   0x0800ba8e   0x00000000   Code   RO         5611    x$fpl$usenofp       fz_wm.l(usenofp.o)
    0x0800ba8e   0x0800ba8e   0x00000302   Data   RO         3932    .constdata          vegmath.o
    0x0800bd90   0x0800bd90   0x00000028   Data   RO         5308    .constdata          c_w.l(_printf_hex_int.o)
    0x0800bdb8   0x0800bdb8   0x00000050   Data   RO         5414    .constdata          m_wm.l(asin.o)
    0x0800be08   0x0800be08   0x00000088   Data   RO         5472    .constdata          m_wm.l(pow.o)
    0x0800be90   0x0800be90   0x00000098   Data   RO         5615    .constdata          m_wm.l(atan.o)
    0x0800bf28   0x0800bf28   0x00000008   Data   RO         5644    .constdata          m_wm.l(qnan.o)
    0x0800bf30   0x0800bf30   0x00000020   Data   RO         5827    Region$$Table       anon$$obj.o


    Execution Region RW_IRAM1 (Exec base: 0x20000000, Load base: 0x0800bf50, Size: 0x00015b38, Max: 0x00030000, ABSOLUTE, COMPRESSED[0x00000250])

    Exec Addr    Load Addr    Size         Type   Attr      Idx    E Section Name        Object

    0x20000000   COMPRESSED   0x00000010   Data   RW         1295    .data               stm32f4xx_rcc.o
    0x20000010   COMPRESSED   0x00000044   Data   RW         3040    .data               tasks.o
    0x20000054   COMPRESSED   0x00000014   Data   RW         3360    .data               timers.o
    0x20000068   COMPRESSED   0x00000018   Data   RW         3478    .data               heap_4.o
    0x20000080   COMPRESSED   0x0000000c   Data   RW         3529    .data               port.o
    0x2000008c   COMPRESSED   0x00000004   Data   RW         3602    .data               delay.o
    0x20000090   COMPRESSED   0x00000014   Data   RW         3667    .data               madgwickahrs.o
    0x200000a4   COMPRESSED   0x00000002   Data   RW         3709    .data               mpu6500_driver.o
    0x200000a6   COMPRESSED   0x00000002   PAD
    0x200000a8   COMPRESSED   0x00000082   Data   RW         3933    .data               vegmath.o
    0x2000012a   COMPRESSED   0x00000002   PAD
    0x2000012c   COMPRESSED   0x00000004   Data   RW         4010    .data               usart.o
    0x20000130   COMPRESSED   0x0000006c   Data   RW         4410    .data               driver_gyroscope.o
    0x2000019c   COMPRESSED   0x00000184   Data   RW         4499    .data               driver_bsp.o
    0x20000320   COMPRESSED   0x00000496   Data   RW         4729    .data               driver_protocol.o
    0x200007b6   COMPRESSED   0x00000002   PAD
    0x200007b8   COMPRESSED   0x00000078   Data   RW         4838    .data               driver_bridge.o
    0x20000830   COMPRESSED   0x00000014   Data   RW         4983    .data               system_stm32f4xx.o
    0x20000844   COMPRESSED   0x00000068   Data   RW         5125    .data               main.o
    0x200008ac        -       0x00000040   Zero   RW         2812    .bss                queue.o
    0x200008ec        -       0x000000f0   Zero   RW         3039    .bss                tasks.o
    0x200009dc        -       0x00000028   Zero   RW         3359    .bss                timers.o
    0x20000a04        -       0x00012c00   Zero   RW         3477    .bss                heap_4.o
    0x20013604        -       0x00000014   Zero   RW         4409    .bss                driver_gyroscope.o
    0x20013618        -       0x00000fd9   Zero   RW         5124    .bss                main.o
    0x200145f1   COMPRESSED   0x00000003   PAD
    0x200145f4        -       0x000000e4   Zero   RW         5354    .bss                c_w.l(rand.o)
    0x200146d8        -       0x00000060   Zero   RW         5648    .bss                c_w.l(libspace.o)
    0x20014738        -       0x00001000   Zero   RW            2    HEAP                startup_stm32f427xx.o
    0x20015738        -       0x00000400   Zero   RW            1    STACK               startup_stm32f427xx.o


==============================================================================

Image component sizes


      Code (inc. data)   RO Data    RW Data    ZI Data      Debug   Object Name

         2          0          0          0          0       1204   beep.o
         0          0          0          0          0       9992   croutine.o
       240         18          0          4          0       2433   delay.o
      1222         92          0        120          0       8252   driver_bridge.o
      3268        194          0        388          0      21411   driver_bsp.o
       282          0          0          0          0       2022   driver_can.o
      1122         52          0          0          0      16524   driver_chassis.o
       300          0          0          0          0       3038   driver_dbus.o
       268          4          0          0          0       1801   driver_filter.o
      1488        140          0        108         20       3778   driver_gyroscope.o
         0          0          0          0          0     257292   driver_magic.o
       616         58          0          0          0       2683   driver_motor.o
       386          6          0          0          0       2327   driver_pid.o
      1096         32          0       1174          0       4445   driver_protocol.o
      1488         44          0          0          0      12594   driver_ui.o
         0          0          0          0          0      11720   event_groups.o
       692         62          0         24      76800       4443   heap_4.o
       308         66          0          0          0       7118   interrupt.o
       116          8          0          0          0        543   led.o
       148          0          0          0          0       3274   list.o
      1052         28          0         20          0       2385   madgwickahrs.o
      1056        280          0        104       4057       4751   main.o
       180         24          0          0          0     313425   misc.o
       260          6          0          2          0       2777   mpu6500_driver.o
      1002        186          0          0          0       7282   mpu6500_i2c.o
       954         92          0         12          0      11373   port.o
      1872         22          0          0         64      15901   queue.o
        64         26        428          0       5120        856   startup_stm32f427xx.o
      1252         28          0          0          0       5169   stm32f4xx_can.o
       194         20          0          0          0       4742   stm32f4xx_dma.o
       196         22          0          0          0       2661   stm32f4xx_exti.o
       240          0          0          0          0       3535   stm32f4xx_gpio.o
       328         36          0         16          0       4619   stm32f4xx_rcc.o
        64          4          0          0          0        632   stm32f4xx_syscfg.o
       930         66          0          0          0      10542   stm32f4xx_tim.o
       328          8          0          0          0       3557   stm32f4xx_usart.o
       392         32          0         20          0       1901   system_stm32f4xx.o
      3364        438          0         68        240      24285   tasks.o
      6240        708          0          0          0       8882   tasks_1.o
      1142        118          0         20         40      17235   timers.o
        28          4          0          4          0       2438   usart.o
       568         64        770        130          0       5928   vegmath.o

    ----------------------------------------------------------------------
     34782       2988       1230       2220      86344     831770   Object Totals
         0          0         32          0          0          0   (incl. Generated)
        34          0          0          6          3          0   (incl. Padding)

    ----------------------------------------------------------------------

      Code (inc. data)   RO Data    RW Data    ZI Data      Debug   Library Member Name

        90          0          0          0          0          0   __dczerorl2.o
         8          0          0          0          0         68   __main.o
       284          0          0          0          0        156   __printf_wp.o
         0          0          0          0          0          0   __rtentry.o
        12          0          0          0          0          0   __rtentry2.o
         6          0          0          0          0          0   __rtentry4.o
        52          8          0          0          0          0   __scatter.o
        28          0          0          0          0          0   __scatter_zi.o
        48          6          0          0          0         96   _printf_char_common.o
        36          4          0          0          0         80   _printf_char_file.o
        88          4         40          0          0         88   _printf_hex_int.o
       178          0          0          0          0         88   _printf_intcommon.o
        78          0          0          0          0        108   _printf_pad.o
         0          0          0          0          0          0   _printf_percent.o
         4          0          0          0          0          0   _printf_percent_end.o
         6          0          0          0          0          0   _printf_x.o
        22          0          0          0          0        100   _rserrno.o
        10          0          0          0          0         68   _sputc.o
        16          0          0          0          0         68   aeabi_memset.o
        10          0          0          0          0         68   defsig_exit.o
        50          0          0          0          0         88   defsig_general.o
        80         58          0          0          0         76   defsig_rtmem_inner.o
        14          0          0          0          0         80   defsig_rtmem_outer.o
        18          0          0          0          0         80   exit.o
         8          0          0          0          0         68   ferror.o
        94          0          0          0          0         80   h1_alloc.o
        52          0          0          0          0         68   h1_extend.o
        78          0          0          0          0         80   h1_free.o
        14          0          0          0          0         84   h1_init.o
         6          0          0          0          0        152   heapauxi.o
         4          0          0          0          0        136   hguard.o
         0          0          0          0          0          0   indicate_semi.o
       138          0          0          0          0        168   init_alloc.o
         2          0          0          0          0          0   libinit.o
        18          0          0          0          0          0   libinit2.o
         2          0          0          0          0          0   libshutdown.o
         2          0          0          0          0          0   libshutdown2.o
         8          4          0          0         96         68   libspace.o
         0          0          0          0          0          0   maybetermalloc1.o
        24          4          0          0          0         84   noretval__2printf.o
        40          6          0          0          0         84   noretval__2sprintf.o
       112         18          0          0        228        160   rand.o
         8          4          0          0          0         68   rt_errno_addr_intlibspace.o
         8          4          0          0          0         68   rt_heap_descriptor_intlibspace.o
        68          0          0          0          0         68   rt_memclr.o
        78          0          0          0          0         80   rt_memclr_w.o
       138          0          0          0          0         68   rt_memcpy_v6.o
       100          0          0          0          0         80   rt_memcpy_w.o
         2          0          0          0          0          0   rtexit.o
        10          0          0          0          0          0   rtexit2.o
        72          0          0          0          0         80   strcpy.o
        12          4          0          0          0         68   sys_exit.o
        74          0          0          0          0         80   sys_stackheap_outer.o
        14          0          0          0          0         76   sys_wrch.o
         2          0          0          0          0         68   use_no_semi.o
        24          0          0          0          0        164   basic.o
        98          4          0          0          0        140   d2f.o
       826         16          0          0          0        492   daddsub_clz.o
        16          4          0          0          0        116   dcheck1.o
        24          0          0          0          0        116   dcmpi.o
       688        140          0          0          0        256   ddiv.o
       120          4          0          0          0        140   deqf.o
        94          4          0          0          0        140   dfix.o
        90          4          0          0          0        140   dfixu.o
        84          0          0          0          0        232   dflt_clz.o
       120          4          0          0          0        140   dleqf.o
       340         12          0          0          0        152   dmul.o
       156          4          0          0          0        140   dnaninf.o
       336         12          0          0          0        136   drem_clz.o
        12          0          0          0          0        116   dretinf.o
       108          0          0          0          0        128   drleqf.o
       408         56          0          0          0        168   dsqrt_umaal.o
        86          4          0          0          0        132   f2d.o
       140          4          0          0          0        132   fnaninf.o
        10          0          0          0          0        116   fpinit.o
        10          0          0          0          0        116   fretinf.o
       100          0          0          0          0        116   retnan.o
        92          0          0          0          0        116   scalbn.o
        48          0          0          0          0        116   trapv.o
         0          0          0          0          0          0   usenofp.o
       864         94         80          0          0        280   asin.o
       744        106        152          0          0        352   atan.o
       512         64          0          0          0        208   atan2.o
       184         44          0          0          0        744   dunder.o
        44          0          0          0          0        248   fabs.o
       260          6          0          0          0        144   fmod.o
        48          0          0          0          0        124   fpclassify.o
       248          0          0          0          0        152   poly.o
      3152        296        136          0          0        352   pow.o
         0          0          8          0          0          0   qnan.o
       110          0          0          0          0        148   sqrt.o

    ----------------------------------------------------------------------
     12548       1006        416          0        324       9860   Library Totals
        26          0          0          0          0          0   (incl. Padding)

    ----------------------------------------------------------------------

      Code (inc. data)   RO Data    RW Data    ZI Data      Debug   Library Name

      2326        124         40          0        324       3348   c_w.l
      4030        272          0          0          0       3760   fz_wm.l
      6166        610        376          0          0       2752   m_wm.l

    ----------------------------------------------------------------------
     12548       1006        416          0        324       9860   Library Totals

    ----------------------------------------------------------------------

==============================================================================


      Code (inc. data)   RO Data    RW Data    ZI Data      Debug   

     47330       3994       1646       2220      86668     812806   Grand Totals
     47330       3994       1646        592      86668     812806   ELF Image Totals (compressed)
     47330       3994       1646        592          0          0   ROM Totals

==============================================================================

    Total RO  Size (Code + RO Data)                48976 (  47.83kB)
    Total RW  Size (RW Data + ZI Data)             88888 (  86.80kB)
    Total ROM Size (Code + RO Data + RW Data)      49568 (  48.41kB)

==============================================================================

